Component: ARM Compiler 5.05 update 1 (build 106) Tool: armlink [4d0efa]

==============================================================================

Section Cross References

    main.o(.text) refers to delay.o(.text) for delay_init
    main.o(.text) refers to misc.o(.text) for NVIC_PriorityGroupConfig
    main.o(.text) refers to usart.o(.text) for uart_init
    main.o(.text) refers to led.o(.text) for LED_Init
    main.o(.text) refers to key.o(.text) for KEY_Init
    main.o(.text) refers to pid.o(.text) for PID_Set_Init
    main.o(.text) refers to motor.o(.text) for Motor_State_Init
    main.o(.text) refers to timer.o(.text) for TIM3_Int_Init
    main.o(.text) refers to can.o(.text) for CAN1_Mode_Init
    main.o(.text) refers to os_core.o(.text) for OSInit
    main.o(.text) refers to cpu_a.o(.text) for CPU_SR_Save
    main.o(.text) refers to os_task.o(.text) for OSTaskCreate
    main.o(.text) refers to os_var.o(.data) for OSSchedLockNestingCtr
    main.o(.text) refers to task.o(.bss) for START_TASK_STK
    main.o(.text) refers to task.o(.text) for start_task
    stm32f4xx_it.o(.text) refers to os_core.o(.text) for OSIntEnter
    stm32f4xx_it.o(.text) refers to stm32f4xx_tim.o(.text) for TIM_GetITStatus
    stm32f4xx_it.o(.text) refers to os_sem.o(.text) for OSSemPost
    stm32f4xx_it.o(.text) refers to stm32f4xx_it.o(.data) for speedcounter
    stm32f4xx_it.o(.text) refers to task.o(.bss) for SPEED_SEM
    system_stm32f4xx.o(.text) refers to system_stm32f4xx.o(.data) for SystemCoreClock
    led.o(.text) refers to stm32f4xx_rcc.o(.text) for RCC_AHB1PeriphClockCmd
    led.o(.text) refers to stm32f4xx_gpio.o(.text) for GPIO_Init
    can.o(.text) refers to stm32f4xx_rcc.o(.text) for RCC_AHB1PeriphClockCmd
    can.o(.text) refers to stm32f4xx_gpio.o(.text) for GPIO_Init
    can.o(.text) refers to stm32f4xx_can.o(.text) for CAN_Init
    can.o(.text) refers to misc.o(.text) for NVIC_Init
    can.o(.text) refers to os_core.o(.text) for OSIntEnter
    can.o(.text) refers to can.o(.bss) for RxMessage
    can.o(.text) refers to can.o(.data) for flaga
    can.o(.text) refers to task.o(.data) for m
    key.o(.text) refers to stm32f4xx_rcc.o(.text) for RCC_AHB1PeriphClockCmd
    key.o(.text) refers to stm32f4xx_gpio.o(.text) for GPIO_Init
    key.o(.text) refers to key.o(.data) for key_up
    pid.o(.text) refers to f2d.o(.text) for __aeabi_f2d
    pid.o(.text) refers to fabs.o(i.__hardfp_fabs) for __hardfp_fabs
    pid.o(.text) refers to cdrcmple.o(.text) for __aeabi_cdrcmple
    pid.o(.text) refers to dmul.o(.text) for __aeabi_dmul
    pid.o(.text) refers to dadd.o(.text) for __aeabi_dadd
    pid.o(.text) refers to cdcmple.o(.text) for __aeabi_cdcmple
    pid.o(.text) refers to dfixi.o(.text) for __aeabi_d2iz
    pid.o(.text) refers to pid.o(.data) for Output_MAX
    pid.o(.text) refers to pid.o(.bss) for PID_SpeedLoop
    timer.o(.text) refers to stm32f4xx_rcc.o(.text) for RCC_APB1PeriphClockCmd
    timer.o(.text) refers to stm32f4xx_tim.o(.text) for TIM_TimeBaseInit
    timer.o(.text) refers to misc.o(.text) for NVIC_Init
    motor.o(.text) refers to pid.o(.text) for SetPoint
    motor.o(.text) refers to can.o(.text) for set_motor_voltage
    motor.o(.text) refers to can.o(.bss) for motor_info
    motor.o(.text) refers to pid.o(.bss) for PID_SpeedLoop
    task.o(.text) refers to os_sem.o(.text) for OSSemPend
    task.o(.text) refers to motor.o(.text) for Motor_Set_Round_angle
    task.o(.text) refers to pid.o(.text) for SetPoint
    task.o(.text) refers to os_task.o(.text) for OS_TaskSuspend
    task.o(.text) refers to key.o(.text) for KEY_Scan
    task.o(.text) refers to f2d.o(.text) for __aeabi_f2d
    task.o(.text) refers to task.o(.data) for Total_AngleWant0
    task.o(.text) refers to can.o(.bss) for motor_info
    task.o(.text) refers to task.o(.bss) for ANGLE_SEM
    task.o(.text) refers to pid.o(.bss) for PID_PIXLoop
    task.o(.text) refers to motor.o(.bss) for SpeedWant
    task.o(.text) refers to os_var.o(.data) for OSStatTaskCPUUsage
    task.o(.text) refers to printfa.o(i.__0printf) for __2printf
    task.o(.text) refers to os_time.o(.text) for OSTimeDlyHMSM
    task.o(.text) refers to cpu_core.o(.text) for CPU_Init
    task.o(.text) refers to os_stat.o(.text) for OSStatTaskCPUUsageInit
    task.o(.text) refers to os_core.o(.text) for OSSchedRoundRobinCfg
    task.o(.text) refers to cpu_a.o(.text) for CPU_SR_Save
    startup_stm32f40_41xxx.o(RESET) refers to startup_stm32f40_41xxx.o(STACK) for __initial_sp
    startup_stm32f40_41xxx.o(RESET) refers to startup_stm32f40_41xxx.o(.text) for Reset_Handler
    startup_stm32f40_41xxx.o(RESET) refers to stm32f4xx_it.o(.text) for NMI_Handler
    startup_stm32f40_41xxx.o(RESET) refers to os_cpu_a.o(CODE) for PendSV_Handler
    startup_stm32f40_41xxx.o(RESET) refers to delay.o(.text) for SysTick_Handler
    startup_stm32f40_41xxx.o(RESET) refers to can.o(.text) for CAN1_RX0_IRQHandler
[...]
    OTG_FS_IRQHandler                        0x08001fa3   Thumb Code     0  startup_stm32f40_41xxx.o(.text)
    OTG_FS_WKUP_IRQHandler                   0x08001fa3   Thumb Code     0  startup_stm32f40_41xxx.o(.text)
    OTG_HS_EP1_IN_IRQHandler                 0x08001fa3   Thumb Code     0  startup_stm32f40_41xxx.o(.text)
    OTG_HS_EP1_OUT_IRQHandler                0x08001fa3   Thumb Code     0  startup_stm32f40_41xxx.o(.text)
    OTG_HS_IRQHandler                        0x08001fa3   Thumb Code     0  startup_stm32f40_41xxx.o(.text)
    OTG_HS_WKUP_IRQHandler                   0x08001fa3   Thumb Code     0  startup_stm32f40_41xxx.o(.text)
    PVD_IRQHandler                           0x08001fa3   Thumb Code     0  startup_stm32f40_41xxx.o(.text)
    RCC_IRQHandler                           0x08001fa3   Thumb Code     0  startup_stm32f40_41xxx.o(.text)
    RTC_Alarm_IRQHandler                     0x08001fa3   Thumb Code     0  startup_stm32f40_41xxx.o(.text)
    RTC_WKUP_IRQHandler                      0x08001fa3   Thumb Code     0  startup_stm32f40_41xxx.o(.text)
    SDIO_IRQHandler                          0x08001fa3   Thumb Code     0  startup_stm32f40_41xxx.o(.text)
    SPI1_IRQHandler                          0x08001fa3   Thumb Code     0  startup_stm32f40_41xxx.o(.text)
    SPI2_IRQHandler                          0x08001fa3   Thumb Code     0  startup_stm32f40_41xxx.o(.text)
    SPI3_IRQHandler                          0x08001fa3   Thumb Code     0  startup_stm32f40_41xxx.o(.text)
    TAMP_STAMP_IRQHandler                    0x08001fa3   Thumb Code     0  startup_stm32f40_41xxx.o(.text)
    TIM1_BRK_TIM9_IRQHandler                 0x08001fa3   Thumb Code     0  startup_stm32f40_41xxx.o(.text)
    TIM1_CC_IRQHandler                       0x08001fa3   Thumb Code     0  startup_stm32f40_41xxx.o(.text)
    TIM1_TRG_COM_TIM11_IRQHandler            0x08001fa3   Thumb Code     0  startup_stm32f40_41xxx.o(.text)
    TIM1_UP_TIM10_IRQHandler                 0x08001fa3   Thumb Code     0  startup_stm32f40_41xxx.o(.text)
    TIM2_IRQHandler                          0x08001fa3   Thumb Code     0  startup_stm32f40_41xxx.o(.text)
    TIM4_IRQHandler                          0x08001fa3   Thumb Code     0  startup_stm32f40_41xxx.o(.text)
    TIM5_IRQHandler                          0x08001fa3   Thumb Code     0  startup_stm32f40_41xxx.o(.text)
    TIM6_DAC_IRQHandler                      0x08001fa3   Thumb Code     0  startup_stm32f40_41xxx.o(.text)
    TIM7_IRQHandler                          0x08001fa3   Thumb Code     0  startup_stm32f40_41xxx.o(.text)
    TIM8_BRK_TIM12_IRQHandler                0x08001fa3   Thumb Code     0  startup_stm32f40_41xxx.o(.text)
    TIM8_CC_IRQHandler                       0x08001fa3   Thumb Code     0  startup_stm32f40_41xxx.o(.text)
    TIM8_TRG_COM_TIM14_IRQHandler            0x08001fa3   Thumb Code     0  startup_stm32f40_41xxx.o(.text)
    TIM8_UP_TIM13_IRQHandler                 0x08001fa3   Thumb Code     0  startup_stm32f40_41xxx.o(.text)
    UART4_IRQHandler                         0x08001fa3   Thumb Code     0  startup_stm32f40_41xxx.o(.text)
    UART5_IRQHandler                         0x08001fa3   Thumb Code     0  startup_stm32f40_41xxx.o(.text)
    USART2_IRQHandler                        0x08001fa3   Thumb Code     0  startup_stm32f40_41xxx.o(.text)
    USART3_IRQHandler                        0x08001fa3   Thumb Code     0  startup_stm32f40_41xxx.o(.text)
    USART6_IRQHandler                        0x08001fa3   Thumb Code     0  startup_stm32f40_41xxx.o(.text)
    WWDG_IRQHandler                          0x08001fa3   Thumb Code     0  startup_stm32f40_41xxx.o(.text)
    NVIC_PriorityGroupConfig                 0x08001fad   Thumb Code    10  misc.o(.text)
    NVIC_Init                                0x08001fb7   Thumb Code   106  misc.o(.text)
    NVIC_SetVectorTable                      0x08002021   Thumb Code    14  misc.o(.text)
    NVIC_SystemLPConfig                      0x0800202f   Thumb Code    34  misc.o(.text)
    SysTick_CLKSourceConfig                  0x08002051   Thumb Code    40  misc.o(.text)
    GPIO_DeInit                              0x0800208d   Thumb Code   268  stm32f4xx_gpio.o(.text)
    GPIO_Init                                0x08002199   Thumb Code   144  stm32f4xx_gpio.o(.text)
    GPIO_StructInit                          0x08002229   Thumb Code    18  stm32f4xx_gpio.o(.text)
    GPIO_PinLockConfig                       0x0800223b   Thumb Code    34  stm32f4xx_gpio.o(.text)
    GPIO_ReadInputDataBit                    0x0800225d   Thumb Code    18  stm32f4xx_gpio.o(.text)
    GPIO_ReadInputData                       0x0800226f   Thumb Code     8  stm32f4xx_gpio.o(.text)
    GPIO_ReadOutputDataBit                   0x08002277   Thumb Code    18  stm32f4xx_gpio.o(.text)
    GPIO_ReadOutputData                      0x08002289   Thumb Code     8  stm32f4xx_gpio.o(.text)
    GPIO_SetBits                             0x08002291   Thumb Code     4  stm32f4xx_gpio.o(.text)
    GPIO_ResetBits                           0x08002295   Thumb Code     4  stm32f4xx_gpio.o(.text)
    GPIO_WriteBit                            0x08002299   Thumb Code    10  stm32f4xx_gpio.o(.text)
    GPIO_Write                               0x080022a3   Thumb Code     4  stm32f4xx_gpio.o(.text)
    GPIO_ToggleBits                          0x080022a7   Thumb Code     8  stm32f4xx_gpio.o(.text)
    GPIO_PinAFConfig                         0x080022af   Thumb Code    70  stm32f4xx_gpio.o(.text)
    RCC_DeInit                               0x08002321   Thumb Code    82  stm32f4xx_rcc.o(.text)
    RCC_HSEConfig                            0x08002373   Thumb Code    14  stm32f4xx_rcc.o(.text)
    RCC_GetFlagStatus                        0x08002381   Thumb Code    60  stm32f4xx_rcc.o(.text)
    RCC_WaitForHSEStartUp                    0x080023bd   Thumb Code    56  stm32f4xx_rcc.o(.text)
    RCC_AdjustHSICalibrationValue            0x080023f5   Thumb Code    20  stm32f4xx_rcc.o(.text)
    RCC_HSICmd                               0x08002409   Thumb Code     6  stm32f4xx_rcc.o(.text)
    RCC_LSEConfig                            0x0800240f   Thumb Code    46  stm32f4xx_rcc.o(.text)
    RCC_LSICmd                               0x0800243d   Thumb Code     6  stm32f4xx_rcc.o(.text)
    RCC_PLLConfig                            0x08002443   Thumb Code    32  stm32f4xx_rcc.o(.text)
    RCC_PLLCmd                               0x08002463   Thumb Code     6  stm32f4xx_rcc.o(.text)
    RCC_PLLI2SConfig                         0x08002469   Thumb Code    14  stm32f4xx_rcc.o(.text)
    RCC_PLLI2SCmd                            0x08002477   Thumb Code     6  stm32f4xx_rcc.o(.text)
    RCC_PLLSAIConfig                         0x0800247d   Thumb Code    20  stm32f4xx_rcc.o(.text)
    RCC_PLLSAICmd                            0x08002491   Thumb Code     6  stm32f4xx_rcc.o(.text)
    RCC_ClockSecuritySystemCmd               0x08002497   Thumb Code     6  stm32f4xx_rcc.o(.text)
    RCC_MCO1Config                           0x0800249d   Thumb Code    28  stm32f4xx_rcc.o(.text)
    RCC_MCO2Config                           0x080024b9   Thumb Code    28  stm32f4xx_rcc.o(.text)
    RCC_SYSCLKConfig                         0x080024d5   Thumb Code    20  stm32f4xx_rcc.o(.text)
    RCC_GetSYSCLKSource                      0x080024e9   Thumb Code    12  stm32f4xx_rcc.o(.text)
    RCC_HCLKConfig                           0x080024f5   Thumb Code    20  stm32f4xx_rcc.o(.text)
    RCC_PCLK1Config                          0x08002509   Thumb Code    20  stm32f4xx_rcc.o(.text)
    RCC_PCLK2Config                          0x0800251d   Thumb Code    22  stm32f4xx_rcc.o(.text)
    RCC_GetClocksFreq                        0x08002533   Thumb Code   222  stm32f4xx_rcc.o(.text)
    RCC_RTCCLKConfig                         0x08002611   Thumb Code    54  stm32f4xx_rcc.o(.text)
    RCC_RTCCLKCmd                            0x08002647   Thumb Code     8  stm32f4xx_rcc.o(.text)
    RCC_BackupResetCmd                       0x0800264f   Thumb Code     8  stm32f4xx_rcc.o(.text)
    RCC_I2SCLKConfig                         0x08002657   Thumb Code     6  stm32f4xx_rcc.o(.text)
    RCC_SAIPLLI2SClkDivConfig                0x0800265d   Thumb Code    26  stm32f4xx_rcc.o(.text)
    RCC_SAIPLLSAIClkDivConfig                0x08002677   Thumb Code    28  stm32f4xx_rcc.o(.text)
    RCC_SAIBlockACLKConfig                   0x08002693   Thumb Code    20  stm32f4xx_rcc.o(.text)
    RCC_SAIBlockBCLKConfig                   0x080026a7   Thumb Code    20  stm32f4xx_rcc.o(.text)
    RCC_LTDCCLKDivConfig                     0x080026bb   Thumb Code    20  stm32f4xx_rcc.o(.text)
    RCC_TIMCLKPresConfig                     0x080026cf   Thumb Code     6  stm32f4xx_rcc.o(.text)
    RCC_AHB1PeriphClockCmd                   0x080026d5   Thumb Code    34  stm32f4xx_rcc.o(.text)
    RCC_AHB2PeriphClockCmd                   0x080026f7   Thumb Code    78  stm32f4xx_rcc.o(.text)
    RCC_AHB3PeriphClockCmd                   0x08002745   Thumb Code    34  stm32f4xx_rcc.o(.text)
    RCC_APB1PeriphClockCmd                   0x08002767   Thumb Code    34  stm32f4xx_rcc.o(.text)
    RCC_APB2PeriphClockCmd                   0x08002789   Thumb Code    34  stm32f4xx_rcc.o(.text)
    RCC_AHB1PeriphResetCmd                   0x080027ab   Thumb Code    34  stm32f4xx_rcc.o(.text)
    RCC_AHB2PeriphResetCmd                   0x080027cd   Thumb Code    34  stm32f4xx_rcc.o(.text)
    RCC_AHB3PeriphResetCmd                   0x080027ef   Thumb Code    34  stm32f4xx_rcc.o(.text)
    RCC_APB1PeriphResetCmd                   0x08002811   Thumb Code    34  stm32f4xx_rcc.o(.text)
    RCC_APB2PeriphResetCmd                   0x08002833   Thumb Code    34  stm32f4xx_rcc.o(.text)
    RCC_AHB1PeriphClockLPModeCmd             0x08002855   Thumb Code    34  stm32f4xx_rcc.o(.text)
    RCC_AHB2PeriphClockLPModeCmd             0x08002877   Thumb Code    34  stm32f4xx_rcc.o(.text)
    RCC_AHB3PeriphClockLPModeCmd             0x08002899   Thumb Code    34  stm32f4xx_rcc.o(.text)
    RCC_APB1PeriphClockLPModeCmd             0x080028bb   Thumb Code    34  stm32f4xx_rcc.o(.text)
    RCC_APB2PeriphClockLPModeCmd             0x080028dd   Thumb Code    34  stm32f4xx_rcc.o(.text)
    RCC_LSEModeConfig                        0x080028ff   Thumb Code    40  stm32f4xx_rcc.o(.text)
    RCC_ITConfig                             0x08002927   Thumb Code    34  stm32f4xx_rcc.o(.text)
    RCC_ClearFlag                            0x08002949   Thumb Code    18  stm32f4xx_rcc.o(.text)
    RCC_GetITStatus                          0x0800295b   Thumb Code    22  stm32f4xx_rcc.o(.text)
    RCC_ClearITPendingBit                    0x08002971   Thumb Code     8  stm32f4xx_rcc.o(.text)
    USART_DeInit                             0x0800297d   Thumb Code   206  stm32f4xx_usart.o(.text)
    USART_Init                               0x08002a4b   Thumb Code   204  stm32f4xx_usart.o(.text)
    USART_StructInit                         0x08002b17   Thumb Code    24  stm32f4xx_usart.o(.text)
    USART_ClockInit                          0x08002b2f   Thumb Code    32  stm32f4xx_usart.o(.text)
    USART_ClockStructInit                    0x08002b4f   Thumb Code    12  stm32f4xx_usart.o(.text)
    USART_Cmd                                0x08002b5b   Thumb Code    24  stm32f4xx_usart.o(.text)
    USART_SetPrescaler                       0x08002b73   Thumb Code    16  stm32f4xx_usart.o(.text)
    USART_OverSampling8Cmd                   0x08002b83   Thumb Code    22  stm32f4xx_usart.o(.text)
    USART_OneBitMethodCmd                    0x08002b99   Thumb Code    24  stm32f4xx_usart.o(.text)
    USART_SendData                           0x08002bb1   Thumb Code     8  stm32f4xx_usart.o(.text)
    USART_ReceiveData                        0x08002bb9   Thumb Code    10  stm32f4xx_usart.o(.text)
    USART_SetAddress                         0x08002bc3   Thumb Code    18  stm32f4xx_usart.o(.text)
    USART_ReceiverWakeUpCmd                  0x08002bd5   Thumb Code    24  stm32f4xx_usart.o(.text)
    USART_WakeUpConfig                       0x08002bed   Thumb Code    18  stm32f4xx_usart.o(.text)
    USART_LINBreakDetectLengthConfig         0x08002bff   Thumb Code    18  stm32f4xx_usart.o(.text)
    USART_LINCmd                             0x08002c11   Thumb Code    24  stm32f4xx_usart.o(.text)
    USART_SendBreak                          0x08002c29   Thumb Code    10  stm32f4xx_usart.o(.text)
    USART_HalfDuplexCmd                      0x08002c33   Thumb Code    24  stm32f4xx_usart.o(.text)
    USART_SetGuardTime                       0x08002c4b   Thumb Code    16  stm32f4xx_usart.o(.text)
    USART_SmartCardCmd                       0x08002c5b   Thumb Code    24  stm32f4xx_usart.o(.text)
    USART_SmartCardNACKCmd                   0x08002c73   Thumb Code    24  stm32f4xx_usart.o(.text)
    USART_IrDAConfig                         0x08002c8b   Thumb Code    18  stm32f4xx_usart.o(.text)
    USART_IrDACmd                            0x08002c9d   Thumb Code    24  stm32f4xx_usart.o(.text)
    USART_DMACmd                             0x08002cb5   Thumb Code    18  stm32f4xx_usart.o(.text)
    USART_ITConfig                           0x08002cc7   Thumb Code    74  stm32f4xx_usart.o(.text)
    USART_GetFlagStatus                      0x08002d11   Thumb Code    26  stm32f4xx_usart.o(.text)
    USART_ClearFlag                          0x08002d2b   Thumb Code    18  stm32f4xx_usart.o(.text)
    USART_GetITStatus                        0x08002d3d   Thumb Code   118  stm32f4xx_usart.o(.text)
    USART_ClearITPendingBit                  0x08002db3   Thumb Code    30  stm32f4xx_usart.o(.text)
    CAN_DeInit                               0x08002dd1   Thumb Code    50  stm32f4xx_can.o(.text)
    CAN_Init                                 0x08002e03   Thumb Code   276  stm32f4xx_can.o(.text)
    CAN_FilterInit                           0x08002f17   Thumb Code   258  stm32f4xx_can.o(.text)
    CAN_StructInit                           0x08003019   Thumb Code    32  stm32f4xx_can.o(.text)
    CAN_SlaveStartBank                       0x08003039   Thumb Code    48  stm32f4xx_can.o(.text)
    CAN_DBGFreeze                            0x08003069   Thumb Code    22  stm32f4xx_can.o(.text)
    CAN_TTComModeCmd                         0x0800307f   Thumb Code   118  stm32f4xx_can.o(.text)
    CAN_Transmit                             0x080030f5   Thumb Code   304  stm32f4xx_can.o(.text)
    CAN_TransmitStatus                       0x08003225   Thumb Code   138  stm32f4xx_can.o(.text)
    CAN_CancelTransmit                       0x080032af   Thumb Code    48  stm32f4xx_can.o(.text)
    CAN_Receive                              0x080032df   Thumb Code   240  stm32f4xx_can.o(.text)
    CAN_FIFORelease                          0x080033cf   Thumb Code    22  stm32f4xx_can.o(.text)
    CAN_MessagePending                       0x080033e5   Thumb Code    30  stm32f4xx_can.o(.text)
    CAN_OperatingModeRequest                 0x08003403   Thumb Code   162  stm32f4xx_can.o(.text)
    CAN_Sleep                                0x080034a5   Thumb Code    30  stm32f4xx_can.o(.text)
    CAN_WakeUp                               0x080034c3   Thumb Code    48  stm32f4xx_can.o(.text)
    CAN_GetLastErrorCode                     0x080034f3   Thumb Code    12  stm32f4xx_can.o(.text)
    CAN_GetReceiveErrorCounter               0x080034ff   Thumb Code    10  stm32f4xx_can.o(.text)
    CAN_GetLSBTransmitErrorCounter           0x08003509   Thumb Code    12  stm32f4xx_can.o(.text)
    CAN_ITConfig                             0x08003515   Thumb Code    18  stm32f4xx_can.o(.text)
    CAN_GetFlagStatus                        0x08003527   Thumb Code   120  stm32f4xx_can.o(.text)
    CAN_ClearFlag                            0x0800359f   Thumb Code    52  stm32f4xx_can.o(.text)
    CAN_GetITStatus                          0x080035e5   Thumb Code   310  stm32f4xx_can.o(.text)
    CAN_ClearITPendingBit                    0x0800371b   Thumb Code   162  stm32f4xx_can.o(.text)
    TIM_DeInit                               0x080037c1   Thumb Code   346  stm32f4xx_tim.o(.text)
    TIM_TimeBaseInit                         0x0800391b   Thumb Code   104  stm32f4xx_tim.o(.text)
    TIM_TimeBaseStructInit                   0x08003983   Thumb Code    18  stm32f4xx_tim.o(.text)
    TIM_PrescalerConfig                      0x08003995   Thumb Code     6  stm32f4xx_tim.o(.text)
    TIM_CounterModeConfig                    0x0800399b   Thumb Code    18  stm32f4xx_tim.o(.text)
    TIM_SetCounter                           0x080039ad   Thumb Code     4  stm32f4xx_tim.o(.text)
    TIM_SetAutoreload                        0x080039b1   Thumb Code     4  stm32f4xx_tim.o(.text)
    TIM_GetCounter                           0x080039b5   Thumb Code     6  stm32f4xx_tim.o(.text)
    TIM_GetPrescaler                         0x080039bb   Thumb Code     6  stm32f4xx_tim.o(.text)
    TIM_UpdateDisableConfig                  0x080039c1   Thumb Code    24  stm32f4xx_tim.o(.text)
    TIM_UpdateRequestConfig                  0x080039d9   Thumb Code    24  stm32f4xx_tim.o(.text)
    TIM_ARRPreloadConfig                     0x080039f1   Thumb Code    24  stm32f4xx_tim.o(.text)
    TIM_SelectOnePulseMode                   0x08003a09   Thumb Code    18  stm32f4xx_tim.o(.text)
    TIM_SetClockDivision                     0x08003a1b   Thumb Code    18  stm32f4xx_tim.o(.text)
    TIM_Cmd                                  0x08003a2d   Thumb Code    24  stm32f4xx_tim.o(.text)
    TIM_OC1Init                              0x08003a45   Thumb Code   114  stm32f4xx_tim.o(.text)
    TIM_OC2Init                              0x08003ab7   Thumb Code   154  stm32f4xx_tim.o(.text)
    TIM_OC3Init                              0x08003b51   Thumb Code   204  stm32f4xx_tim.o(.text)
    TIM_OC4Init                              0x08003c1d   Thumb Code   112  stm32f4xx_tim.o(.text)
    TIM_OCStructInit                         0x08003c8d   Thumb Code    20  stm32f4xx_tim.o(.text)
    TIM_SelectOCxM                           0x08003ca1   Thumb Code    86  stm32f4xx_tim.o(.text)
    TIM_SetCompare1                          0x08003cf7   Thumb Code     4  stm32f4xx_tim.o(.text)
    TIM_SetCompare2                          0x08003cfb   Thumb Code     4  stm32f4xx_tim.o(.text)
    TIM_SetCompare3                          0x08003cff   Thumb Code     4  stm32f4xx_tim.o(.text)
    TIM_SetCompare4                          0x08003d03   Thumb Code     4  stm32f4xx_tim.o(.text)
    TIM_ForcedOC1Config                      0x08003d07   Thumb Code    18  stm32f4xx_tim.o(.text)
    TIM_ForcedOC2Config                      0x08003d19   Thumb Code    26  stm32f4xx_tim.o(.text)
    TIM_ForcedOC3Config                      0x08003d33   Thumb Code    18  stm32f4xx_tim.o(.text)
    TIM_ForcedOC4Config                      0x08003d45   Thumb Code    26  stm32f4xx_tim.o(.text)
    TIM_OC1PreloadConfig                     0x08003d5f   Thumb Code    18  stm32f4xx_tim.o(.text)
    TIM_OC2PreloadConfig                     0x08003d71   Thumb Code    26  stm32f4xx_tim.o(.text)
    TIM_OC3PreloadConfig                     0x08003d8b   Thumb Code    18  stm32f4xx_tim.o(.text)
    TIM_OC4PreloadConfig                     0x08003d9d   Thumb Code    26  stm32f4xx_tim.o(.text)
    TIM_OC1FastConfig                        0x08003db7   Thumb Code    18  stm32f4xx_tim.o(.text)
    TIM_OC2FastConfig                        0x08003dc9   Thumb Code    26  stm32f4xx_tim.o(.text)
    TIM_OC3FastConfig                        0x08003de3   Thumb Code    18  stm32f4xx_tim.o(.text)
    TIM_OC4FastConfig                        0x08003df5   Thumb Code    26  stm32f4xx_tim.o(.text)
    TIM_ClearOC1Ref                          0x08003e0f   Thumb Code    18  stm32f4xx_tim.o(.text)
    TIM_ClearOC2Ref                          0x08003e21   Thumb Code    24  stm32f4xx_tim.o(.text)
    TIM_ClearOC3Ref                          0x08003e39   Thumb Code    18  stm32f4xx_tim.o(.text)
    TIM_ClearOC4Ref                          0x08003e4b   Thumb Code    24  stm32f4xx_tim.o(.text)
    TIM_OC1PolarityConfig                    0x08003e63   Thumb Code    18  stm32f4xx_tim.o(.text)
    TIM_OC1NPolarityConfig                   0x08003e75   Thumb Code    18  stm32f4xx_tim.o(.text)
    TIM_OC2PolarityConfig                    0x08003e87   Thumb Code    26  stm32f4xx_tim.o(.text)
    TIM_OC2NPolarityConfig                   0x08003ea1   Thumb Code    26  stm32f4xx_tim.o(.text)
    TIM_OC3PolarityConfig                    0x08003ebb   Thumb Code    26  stm32f4xx_tim.o(.text)
    TIM_OC3NPolarityConfig                   0x08003ed5   Thumb Code    26  stm32f4xx_tim.o(.text)
    TIM_OC4PolarityConfig                    0x08003eef   Thumb Code    26  stm32f4xx_tim.o(.text)
    TIM_CCxCmd                               0x08003f09   Thumb Code    30  stm32f4xx_tim.o(.text)
    TIM_CCxNCmd                              0x08003f27   Thumb Code    30  stm32f4xx_tim.o(.text)
    TIM_SetIC4Prescaler                      0x08003f45   Thumb Code    26  stm32f4xx_tim.o(.text)
    TIM_SetIC3Prescaler                      0x08003faf   Thumb Code    18  stm32f4xx_tim.o(.text)
    TIM_SetIC2Prescaler                      0x08004009   Thumb Code    26  stm32f4xx_tim.o(.text)
    TIM_SetIC1Prescaler                      0x0800407d   Thumb Code    18  stm32f4xx_tim.o(.text)
    TIM_ICInit                               0x080040c9   Thumb Code   110  stm32f4xx_tim.o(.text)
    TIM_ICStructInit                         0x08004137   Thumb Code    18  stm32f4xx_tim.o(.text)
    TIM_PWMIConfig                           0x08004149   Thumb Code   124  stm32f4xx_tim.o(.text)
    TIM_GetCapture1                          0x080041c5   Thumb Code     6  stm32f4xx_tim.o(.text)
    TIM_GetCapture2                          0x080041cb   Thumb Code     6  stm32f4xx_tim.o(.text)
    TIM_GetCapture3                          0x080041d1   Thumb Code     6  stm32f4xx_tim.o(.text)
    TIM_GetCapture4                          0x080041d7   Thumb Code     6  stm32f4xx_tim.o(.text)
    TIM_BDTRConfig                           0x080041dd   Thumb Code    32  stm32f4xx_tim.o(.text)
    TIM_BDTRStructInit                       0x080041fd   Thumb Code    18  stm32f4xx_tim.o(.text)
    TIM_CtrlPWMOutputs                       0x0800420f   Thumb Code    30  stm32f4xx_tim.o(.text)
    TIM_SelectCOM                            0x0800422d   Thumb Code    24  stm32f4xx_tim.o(.text)
    TIM_CCPreloadControl                     0x08004245   Thumb Code    24  stm32f4xx_tim.o(.text)
    TIM_ITConfig                             0x0800425d   Thumb Code    18  stm32f4xx_tim.o(.text)
    TIM_GenerateEvent                        0x0800426f   Thumb Code     4  stm32f4xx_tim.o(.text)
    TIM_GetFlagStatus                        0x08004273   Thumb Code    18  stm32f4xx_tim.o(.text)
    TIM_ClearFlag                            0x08004285   Thumb Code     6  stm32f4xx_tim.o(.text)
    TIM_GetITStatus                          0x0800428b   Thumb Code    34  stm32f4xx_tim.o(.text)
    TIM_ClearITPendingBit                    0x080042ad   Thumb Code     6  stm32f4xx_tim.o(.text)
    TIM_DMAConfig                            0x080042b3   Thumb Code    10  stm32f4xx_tim.o(.text)
    TIM_DMACmd                               0x080042bd   Thumb Code    18  stm32f4xx_tim.o(.text)
    TIM_SelectCCDMA                          0x080042cf   Thumb Code    24  stm32f4xx_tim.o(.text)
    TIM_InternalClockConfig                  0x080042e7   Thumb Code    12  stm32f4xx_tim.o(.text)
    TIM_SelectInputTrigger                   0x080042f3   Thumb Code    18  stm32f4xx_tim.o(.text)
    TIM_ITRxExternalClockConfig              0x08004305   Thumb Code    24  stm32f4xx_tim.o(.text)
    TIM_TIxExternalClockConfig               0x0800431d   Thumb Code    62  stm32f4xx_tim.o(.text)
    TIM_ETRConfig                            0x0800435b   Thumb Code    28  stm32f4xx_tim.o(.text)
    TIM_ETRClockMode1Config                  0x08004377   Thumb Code    54  stm32f4xx_tim.o(.text)
    TIM_ETRClockMode2Config                  0x080043ad   Thumb Code    32  stm32f4xx_tim.o(.text)
    TIM_SelectOutputTrigger                  0x080043cd   Thumb Code    18  stm32f4xx_tim.o(.text)
    TIM_SelectSlaveMode                      0x080043df   Thumb Code    18  stm32f4xx_tim.o(.text)
    TIM_SelectMasterSlaveMode                0x080043f1   Thumb Code    18  stm32f4xx_tim.o(.text)
    TIM_EncoderInterfaceConfig               0x08004403   Thumb Code    66  stm32f4xx_tim.o(.text)
    TIM_SelectHallSensor                     0x08004445   Thumb Code    24  stm32f4xx_tim.o(.text)
    TIM_RemapConfig                          0x0800445d   Thumb Code     6  stm32f4xx_tim.o(.text)
    delay_osschedlock                        0x08004465   Thumb Code    10  delay.o(.text)
    delay_osschedunlock                      0x0800446f   Thumb Code    10  delay.o(.text)
    delay_ostimedly                          0x08004479   Thumb Code    16  delay.o(.text)
    SysTick_Handler                          0x08004489   Thumb Code    24  delay.o(.text)
    delay_init                               0x080044a1   Thumb Code    94  delay.o(.text)
    delay_us                                 0x080044ff   Thumb Code    84  delay.o(.text)
    delay_ms                                 0x08004553   Thumb Code    66  delay.o(.text)
    _sys_exit                                0x080045ad   Thumb Code     6  usart.o(.text)
    fputc                                    0x080045b3   Thumb Code    22  usart.o(.text)
    uart_init                                0x080045c9   Thumb Code   172  usart.o(.text)
    USART1_IRQHandler                        0x08004675   Thumb Code   130  usart.o(.text)
    BSP_CPU_ClkFreq                          0x08004709   Thumb Code    14  bsp.o(.text)
    CPU_TS_TmrInit                           0x08004717   Thumb Code    44  bsp.o(.text)
    CPU_TS_TmrRd                             0x08004743   Thumb Code     6  bsp.o(.text)
    CPU_TS32_to_uSec                         0x08004749   Thumb Code    54  bsp.o(.text)
    CPU_NameClr                              0x0800478d   Thumb Code    42  cpu_core.o(.text)
    CPU_Init                                 0x080047cd   Thumb Code    12  cpu_core.o(.text)
    CPU_SW_Exception                         0x080047d9   Thumb Code     4  cpu_core.o(.text)
    CPU_NameGet                              0x080047dd   Thumb Code    70  cpu_core.o(.text)
    CPU_NameSet                              0x08004823   Thumb Code    96  cpu_core.o(.text)
    CPU_TS_Get32                             0x08004883   Thumb Code    12  cpu_core.o(.text)
    CPU_TS_Update                            0x0800488f   Thumb Code     2  cpu_core.o(.text)
    CPU_TS_TmrFreqGet                        0x08004891   Thumb Code    30  cpu_core.o(.text)
    CPU_TS_TmrFreqSet                        0x080048af   Thumb Code     6  cpu_core.o(.text)
    CPU_CntLeadZeros08                       0x080048b5   Thumb Code    18  cpu_core.o(.text)
    CPU_CntLeadZeros16                       0x080048c7   Thumb Code    18  cpu_core.o(.text)
    CPU_CntLeadZeros32                       0x080048d9   Thumb Code    18  cpu_core.o(.text)
    CPU_CntLeadZeros64                       0x080048eb   Thumb Code   188  cpu_core.o(.text)
    CPU_CntTrailZeros08                      0x080049a7   Thumb Code    22  cpu_core.o(.text)
    CPU_CntTrailZeros16                      0x080049bd   Thumb Code    22  cpu_core.o(.text)
    CPU_CntTrailZeros32                      0x080049d3   Thumb Code    22  cpu_core.o(.text)
    CPU_CntTrailZeros64                      0x080049e9   Thumb Code    62  cpu_core.o(.text)
    CPU_IntDis                               0x08004a35   Thumb Code     0  cpu_a.o(.text)
    CPU_IntEn                                0x08004a39   Thumb Code     0  cpu_a.o(.text)
    CPU_SR_Save                              0x08004a3d   Thumb Code     0  cpu_a.o(.text)
    CPU_SR_Restore                           0x08004a45   Thumb Code     0  cpu_a.o(.text)
    CPU_WaitForInt                           0x08004a4b   Thumb Code     0  cpu_a.o(.text)
    CPU_WaitForExcept                        0x08004a4f   Thumb Code     0  cpu_a.o(.text)
    CPU_CntLeadZeros                         0x08004a53   Thumb Code     0  cpu_a.o(.text)
    CPU_CntTrailZeros                        0x08004a59   Thumb Code     0  cpu_a.o(.text)
    CPU_RevBits                              0x08004a63   Thumb Code     0  cpu_a.o(.text)
    ASCII_IsAlpha                            0x08004a69   Thumb Code    48  lib_ascii.o(.text)
    ASCII_IsAlphaNum                         0x08004a99   Thumb Code    76  lib_ascii.o(.text)
    ASCII_IsLower                            0x08004ae5   Thumb Code    20  lib_ascii.o(.text)
    ASCII_IsUpper                            0x08004af9   Thumb Code    20  lib_ascii.o(.text)
    ASCII_IsDig                              0x08004b0d   Thumb Code    20  lib_ascii.o(.text)
    ASCII_IsDigOct                           0x08004b21   Thumb Code    20  lib_ascii.o(.text)
    ASCII_IsDigHex                           0x08004b35   Thumb Code    36  lib_ascii.o(.text)
    ASCII_IsBlank                            0x08004b59   Thumb Code    20  lib_ascii.o(.text)
    ASCII_IsSpace                            0x08004b6d   Thumb Code    36  lib_ascii.o(.text)
    ASCII_IsPrint                            0x08004b91   Thumb Code    20  lib_ascii.o(.text)
    ASCII_IsGraph                            0x08004ba5   Thumb Code    20  lib_ascii.o(.text)
    ASCII_IsPunct                            0x08004bb9   Thumb Code   134  lib_ascii.o(.text)
    ASCII_IsCtrl                             0x08004c3f   Thumb Code    26  lib_ascii.o(.text)
    ASCII_ToLower                            0x08004c59   Thumb Code    32  lib_ascii.o(.text)
    ASCII_ToUpper                            0x08004c79   Thumb Code    32  lib_ascii.o(.text)
    ASCII_Cmp                                0x08004c99   Thumb Code    38  lib_ascii.o(.text)
    Mem_Init                                 0x08004cc1   Thumb Code    54  lib_mem.o(.text)
    Mem_Set                                  0x08004cf7   Thumb Code    84  lib_mem.o(.text)
    Mem_Clr                                  0x08004d4b   Thumb Code    18  lib_mem.o(.text)
    Mem_Move                                 0x08004d5d   Thumb Code   186  lib_mem.o(.text)
    Mem_Cmp                                  0x08004e17   Thumb Code   192  lib_mem.o(.text)
    Mem_HeapAlloc                            0x08004f4f   Thumb Code   168  lib_mem.o(.text)
    Mem_SegGetSizeRem                        0x08004ff7   Thumb Code   108  lib_mem.o(.text)
    Mem_HeapGetSizeRem                       0x08005063   Thumb Code    22  lib_mem.o(.text)
    Mem_PoolClr                              0x08005079   Thumb Code    80  lib_mem.o(.text)
    Mem_PoolCreate                           0x080050c9   Thumb Code   838  lib_mem.o(.text)
    Mem_PoolBlkGetNbrAvail                   0x0800540f   Thumb Code    52  lib_mem.o(.text)
    Mem_PoolBlkGet                           0x08005443   Thumb Code   126  lib_mem.o(.text)
    Mem_PoolBlkGetUsedAtIx                   0x080054c1   Thumb Code   140  lib_mem.o(.text)
    Mem_PoolBlkFree                          0x0800554d   Thumb Code   152  lib_mem.o(.text)
    Mem_PoolBlkIxGet                         0x080055e5   Thumb Code   162  lib_mem.o(.text)
    Str_Len_N                                0x08005689   Thumb Code    28  lib_str.o(.text)
    Str_Len                                  0x080056a5   Thumb Code    20  lib_str.o(.text)
    Str_Copy_N                               0x080056b9   Thumb Code    70  lib_str.o(.text)
    Str_Copy                                 0x080056ff   Thumb Code    24  lib_str.o(.text)
    Str_Cat_N                                0x08005717   Thumb Code    90  lib_str.o(.text)
    Str_Cat                                  0x08005771   Thumb Code    24  lib_str.o(.text)
    Str_Cmp_N                                0x08005789   Thumb Code   156  lib_str.o(.text)
    Str_Cmp                                  0x08005825   Thumb Code    24  lib_str.o(.text)
    Str_CmpIgnoreCase_N                      0x0800583d   Thumb Code   264  lib_str.o(.text)
    Str_CmpIgnoreCase                        0x08005945   Thumb Code    24  lib_str.o(.text)
    Str_Char_N                               0x0800595d   Thumb Code    74  lib_str.o(.text)
    Str_Char                                 0x080059a7   Thumb Code    24  lib_str.o(.text)
    Str_Char_Last_N                          0x080059bf   Thumb Code    76  lib_str.o(.text)
    Str_Char_Last                            0x08005a0b   Thumb Code    24  lib_str.o(.text)
    Str_Char_Replace_N                       0x08005a23   Thumb Code    52  lib_str.o(.text)
    Str_Char_Replace                         0x08005a57   Thumb Code    28  lib_str.o(.text)
    Str_Str_N                                0x08005a73   Thumb Code   182  lib_str.o(.text)
    Str_Str                                  0x08005b29   Thumb Code    24  lib_str.o(.text)
    Str_FmtNbr_Int32U                        0x08005d1d   Thumb Code    46  lib_str.o(.text)
    Str_FmtNbr_Int32S                        0x08005d4b   Thumb Code    62  lib_str.o(.text)
    Str_ParseNbr_Int32U                      0x08005f47   Thumb Code    30  lib_str.o(.text)
    Str_ParseNbr_Int32S                      0x08005f65   Thumb Code    74  lib_str.o(.text)
    Mem_Copy                                 0x08005fb5   Thumb Code     0  lib_mem_a.o(.text)
    OSCfg_Init                               0x080061d5   Thumb Code    86  os_cfg_app.o(.text)
    OS_IdleTask                              0x080062d1   Thumb Code    60  os_core.o(.text)
    OS_IdleTaskInit                          0x0800630d   Thumb Code    68  os_core.o(.text)
    OS_RdyListInit                           0x08006351   Thumb Code    32  os_core.o(.text)
    OSInit                                   0x08006371   Thumb Code   300  os_core.o(.text)
    OSIntEnter                               0x0800649d   Thumb Code    34  os_core.o(.text)
    OSIntExit                                0x080064bf   Thumb Code   188  os_core.o(.text)
    OSSched                                  0x0800657b   Thumb Code   130  os_core.o(.text)
    OS_SchedLockTimeMeasStart                0x080065fd   Thumb Code    20  os_core.o(.text)
    OSSchedLock                              0x08006611   Thumb Code   104  os_core.o(.text)
    OS_SchedLockTimeMeasStop                 0x08006679   Thumb Code    44  os_core.o(.text)
    OSSchedUnlock                            0x080066a5   Thumb Code   286  os_core.o(.text)
    OSSchedRoundRobinCfg                     0x080067c3   Thumb Code    88  os_core.o(.text)
    OS_RdyListMoveHeadToTail                 0x0800681b   Thumb Code    68  os_core.o(.text)
    OSSchedRoundRobinYield                   0x0800685f   Thumb Code   164  os_core.o(.text)
    OSStart                                  0x08006903   Thumb Code    78  os_core.o(.text)
    OSVersion                                0x08006951   Thumb Code    12  os_core.o(.text)
    OS_PendDbgNameAdd                        0x0800695d   Thumb Code    66  os_core.o(.text)
    OS_PendListInsertPrio                    0x0800699f   Thumb Code   102  os_core.o(.text)
    OS_PendDataInit                          0x08006a05   Thumb Code    38  os_core.o(.text)
    OS_RdyListRemove                         0x08006a2b   Thumb Code    86  os_core.o(.text)
    OS_TaskBlock                             0x08006a81   Thumb Code    56  os_core.o(.text)
    OS_Pend                                  0x08006ab9   Thumb Code    98  os_core.o(.text)
    OS_PendListRemove1                       0x08006b1b   Thumb Code   136  os_core.o(.text)
    OS_PendListRemove                        0x08006ba3   Thumb Code    48  os_core.o(.text)
    OS_PendAbort1                            0x08006bd3   Thumb Code    36  os_core.o(.text)
    OS_RdyListInsertHead                     0x08006bf7   Thumb Code    58  os_core.o(.text)
    OS_RdyListInsertTail                     0x08006c31   Thumb Code    56  os_core.o(.text)
    OS_RdyListInsert                         0x08006c69   Thumb Code    40  os_core.o(.text)
    OS_TaskRdy                               0x08006c91   Thumb Code    28  os_core.o(.text)
    OS_PendAbort                             0x08006cad   Thumb Code   166  os_core.o(.text)
    OS_PendDbgNameRemove                     0x08006d53   Thumb Code    34  os_core.o(.text)
    OS_PendListChangePrio                    0x08006d75   Thumb Code    70  os_core.o(.text)
    OS_PendListInit                          0x08006dbb   Thumb Code    10  os_core.o(.text)
    OS_PendListInsertHead                    0x08006dc5   Thumb Code    32  os_core.o(.text)
    OS_PendObjDel1                           0x08006de5   Thumb Code    36  os_core.o(.text)
    OS_PendObjDel                            0x08006e09   Thumb Code   162  os_core.o(.text)
    OS_Post1                                 0x08006eab   Thumb Code    42  os_core.o(.text)
    OS_Post                                  0x08006ed5   Thumb Code   192  os_core.o(.text)
    OS_Sched0                                0x08006f95   Thumb Code    68  os_core.o(.text)
    OS_SchedRoundRobin                       0x08006fd9   Thumb Code   218  os_core.o(.text)
    OS_Dbg_Init                              0x080070c1   Thumb Code   146  os_dbg.o(.text)
    OS_FlagDbgListAdd                        0x08007271   Thumb Code    38  os_flag.o(.text)
    OSFlagCreate                             0x08007297   Thumb Code   172  os_flag.o(.text)
    OS_FlagClr                               0x08007343   Thumb Code    28  os_flag.o(.text)
    OS_FlagDbgListRemove                     0x0800735f   Thumb Code    44  os_flag.o(.text)
    OSFlagDel                                0x0800738b   Thumb Code   594  os_flag.o(.text)
    OS_FlagBlock                             0x080075dd   Thumb Code    58  os_flag.o(.text)
    OSFlagPend                               0x08007617   Thumb Code  1488  os_flag.o(.text)
    OSFlagPendAbort                          0x08007be7   Thumb Code   292  os_flag.o(.text)
    OSFlagPendGetFlagsRdy                    0x08007d0b   Thumb Code    68  os_flag.o(.text)
    OS_FlagTaskRdy                           0x08007d4f   Thumb Code    86  os_flag.o(.text)
    OS_FlagPost                              0x08007da5   Thumb Code   570  os_flag.o(.text)
    OSFlagPost                               0x08007fdf   Thumb Code   146  os_flag.o(.text)
    OS_FlagInit                              0x08008071   Thumb Code    14  os_flag.o(.text)
    OS_IntQPost                              0x08008099   Thumb Code   216  os_int.o(.text)
    OS_IntQRePost                            0x08008171   Thumb Code   360  os_int.o(.text)
    OS_IntQTask                              0x080082d9   Thumb Code   162  os_int.o(.text)
    OS_IntQTaskInit                          0x0800837b   Thumb Code   208  os_int.o(.text)
    OS_MemDbgListAdd                         0x080084dd   Thumb Code    34  os_mem.o(.text)
    OSMemCreate                              0x080084ff   Thumb Code   288  os_mem.o(.text)
    OSMemGet                                 0x0800861f   Thumb Code   100  os_mem.o(.text)
    OSMemPut                                 0x08008683   Thumb Code   112  os_mem.o(.text)
    OS_MemInit                               0x080086f3   Thumb Code    14  os_mem.o(.text)
    OS_MsgPoolCreate                         0x08008715   Thumb Code    54  os_msg.o(.text)
    OS_MsgPoolInit                           0x0800874b   Thumb Code    70  os_msg.o(.text)
    OS_MsgQFreeAll                           0x08008791   Thumb Code    62  os_msg.o(.text)
    OS_MsgQInit                              0x080087cf   Thumb Code    14  os_msg.o(.text)
    OS_MsgQGet                               0x080087dd   Thumb Code    98  os_msg.o(.text)
    OS_MsgQPut                               0x0800883f   Thumb Code   246  os_msg.o(.text)
    OS_MutexDbgListAdd                       0x08008941   Thumb Code    38  os_mutex.o(.text)
    OSMutexCreate                            0x08008967   Thumb Code   178  os_mutex.o(.text)
    OS_MutexClr                              0x08008a19   Thumb Code    38  os_mutex.o(.text)
    OS_MutexDbgListRemove                    0x08008a3f   Thumb Code    44  os_mutex.o(.text)
    OSMutexDel                               0x08008a6b   Thumb Code   842  os_mutex.o(.text)
    OSMutexPend                              0x08008db5   Thumb Code   706  os_mutex.o(.text)
    OSMutexPendAbort                         0x08009077   Thumb Code   314  os_mutex.o(.text)
    OSMutexPost                              0x080091b1   Thumb Code   564  os_mutex.o(.text)
    OS_MutexInit                             0x080093e5   Thumb Code    14  os_mutex.o(.text)
    OS_PrioInit                              0x08009415   Thumb Code    20  os_prio.o(.text)
    OS_PrioGetHighest                        0x08009429   Thumb Code    36  os_prio.o(.text)
    OS_PrioInsert                            0x0800944d   Thumb Code    32  os_prio.o(.text)
    OS_PrioRemove                            0x0800946d   Thumb Code    32  os_prio.o(.text)
    OS_QDbgListAdd                           0x08009491   Thumb Code    38  os_q.o(.text)
    OSQCreate                                0x080094b7   Thumb Code   186  os_q.o(.text)
    OS_QClr                                  0x08009571   Thumb Code    40  os_q.o(.text)
    OS_QDbgListRemove                        0x08009599   Thumb Code    44  os_q.o(.text)
    OSQDel                                   0x080095c5   Thumb Code   362  os_q.o(.text)
    OSQFlush                                 0x0800972f   Thumb Code   210  os_q.o(.text)
    OSQPend                                  0x08009801   Thumb Code   538  os_q.o(.text)
    OSQPendAbort                             0x08009a1b   Thumb Code   292  os_q.o(.text)
    OS_QPost                                 0x08009b3f   Thumb Code   324  os_q.o(.text)
    OSQPost                                  0x08009c83   Thumb Code   198  os_q.o(.text)
    OS_QInit                                 0x08009d49   Thumb Code    14  os_q.o(.text)
    OS_SemDbgListAdd                         0x08009d69   Thumb Code    38  os_sem.o(.text)
    OSSemCreate                              0x08009d8f   Thumb Code   172  os_sem.o(.text)
    OS_SemClr                                0x08009e3b   Thumb Code    28  os_sem.o(.text)
    OS_SemDbgListRemove                      0x08009e57   Thumb Code    44  os_sem.o(.text)
    OSSemDel                                 0x08009e83   Thumb Code   362  os_sem.o(.text)
    OSSemPend                                0x08009fed   Thumb Code   504  os_sem.o(.text)
    OSSemPendAbort                           0x0800a1e5   Thumb Code   292  os_sem.o(.text)
    OS_SemPost                               0x0800a309   Thumb Code   350  os_sem.o(.text)
    OSSemPost                                0x0800a467   Thumb Code   144  os_sem.o(.text)
    OSSemSet                                 0x0800a4f7   Thumb Code   138  os_sem.o(.text)
    OS_SemInit                               0x0800a581   Thumb Code    14  os_sem.o(.text)
    OSStatReset                              0x0800a599   Thumb Code   270  os_stat.o(.text)
    OSStatTaskCPUUsageInit                   0x0800a6a7   Thumb Code   212  os_stat.o(.text)
    OS_StatTask                              0x0800a77b   Thumb Code   888  os_stat.o(.text)
    OS_StatTaskInit                          0x0800aaf3   Thumb Code   138  os_stat.o(.text)
    OSTaskChangePrio                         0x0800abd1   Thumb Code   416  os_task.o(.text)
    OS_TaskDbgListAdd                        0x0800ad71   Thumb Code    42  os_task.o(.text)
    OS_TaskInitTCB                           0x0800ad9b   Thumb Code   186  os_task.o(.text)
    OSTaskCreate                             0x0800ae55   Thumb Code   616  os_task.o(.text)
    OS_TaskDbgListRemove                     0x0800b0bd   Thumb Code    64  os_task.o(.text)
    OSTaskDel                                0x0800b0fd   Thumb Code   424  os_task.o(.text)
    OSTaskQFlush                             0x0800b2a5   Thumb Code   214  os_task.o(.text)
    OSTaskQPend                              0x0800b37b   Thumb Code   554  os_task.o(.text)
    OSTaskQPendAbort                         0x0800b5a5   Thumb Code   242  os_task.o(.text)
    OS_TaskQPost                             0x0800b697   Thumb Code   526  os_task.o(.text)
    OSTaskQPost                              0x0800b8a5   Thumb Code   114  os_task.o(.text)
    OSTaskRegGet                             0x0800b917   Thumb Code    78  os_task.o(.text)
    OSTaskRegGetID                           0x0800b965   Thumb Code    84  os_task.o(.text)
    OSTaskRegSet                             0x0800b9b9   Thumb Code    78  os_task.o(.text)
    OS_TaskResume                            0x0800ba07   Thumb Code   314  os_task.o(.text)
    OSTaskResume                             0x0800bb41   Thumb Code   112  os_task.o(.text)
    OSTaskSemPend                            0x0800bbb1   Thumb Code   550  os_task.o(.text)
    OSTaskSemPendAbort                       0x0800bdd7   Thumb Code   270  os_task.o(.text)
    OS_TaskSemPost                           0x0800bee5   Thumb Code  1224  os_task.o(.text)
    OSTaskSemPost                            0x0800c3ad   Thumb Code    98  os_task.o(.text)
    OSTaskSemSet                             0x0800c40f   Thumb Code    80  os_task.o(.text)
    OSTaskStkChk                             0x0800c45f   Thumb Code   224  os_task.o(.text)
    OS_TaskSuspend                           0x0800c53f   Thumb Code   328  os_task.o(.text)
    OSTaskSuspend                            0x0800c687   Thumb Code    78  os_task.o(.text)
    OSTaskTimeQuantaSet                      0x0800c6d5   Thumb Code    96  os_task.o(.text)
    OS_TaskInit                              0x0800c735   Thumb Code    18  os_task.o(.text)
    OS_TaskReturn                            0x0800c747   Thumb Code    20  os_task.o(.text)
    OS_TickListRemove                        0x0800c785   Thumb Code    56  os_tick.o(.text)
    OS_TickListUpdate                        0x0800c7bd   Thumb Code   480  os_tick.o(.text)
    OS_TickTask                              0x0800c99d   Thumb Code    38  os_tick.o(.text)
    OS_TickListInit                          0x0800c9c3   Thumb Code    32  os_tick.o(.text)
    OS_TickTaskInit                          0x0800c9e3   Thumb Code   130  os_tick.o(.text)
    OS_TickListInsert                        0x0800ca65   Thumb Code   502  os_tick.o(.text)
    OS_TickListResetPeak                     0x0800cc5b   Thumb Code    28  os_tick.o(.text)
    OSTimeDly                                0x0800cc81   Thumb Code   266  os_time.o(.text)
    OSTimeDlyHMSM                            0x0800cd8b   Thumb Code   480  os_time.o(.text)
    OSTimeDlyResume                          0x0800cf6b   Thumb Code   466  os_time.o(.text)
    OSTimeGet                                0x0800d13d   Thumb Code    46  os_time.o(.text)
    OSTimeSet                                0x0800d16b   Thumb Code    46  os_time.o(.text)
    OSTimeTick                               0x0800d199   Thumb Code    54  os_time.o(.text)
    OS_TmrDbgListAdd                         0x0800d1e5   Thumb Code    34  os_tmr.o(.text)
    OSTmrCreate                              0x0800d207   Thumb Code   248  os_tmr.o(.text)
    OS_TmrClr                                0x0800d2ff   Thumb Code    36  os_tmr.o(.text)
    OS_TmrUnlink                             0x0800d323   Thumb Code    72  os_tmr.o(.text)
    OS_TmrDbgListRemove                      0x0800d36b   Thumb Code    44  os_tmr.o(.text)
    OSTmrDel                                 0x0800d397   Thumb Code   176  os_tmr.o(.text)
    OSTmrRemainGet                           0x0800d447   Thumb Code   184  os_tmr.o(.text)
    OS_TmrLink                               0x0800d4ff   Thumb Code   196  os_tmr.o(.text)
    OSTmrStart                               0x0800d5c3   Thumb Code   210  os_tmr.o(.text)
    OSTmrStateGet                            0x0800d695   Thumb Code   134  os_tmr.o(.text)
    OSTmrStop                                0x0800d71b   Thumb Code   232  os_tmr.o(.text)
    OS_TmrTask                               0x0800d803   Thumb Code   176  os_tmr.o(.text)
    OS_TmrInit                               0x0800d8b3   Thumb Code   208  os_tmr.o(.text)
    OS_TmrResetPeak                          0x0800d983   Thumb Code    28  os_tmr.o(.text)
    OSIdleTaskHook                           0x0800d9fd   Thumb Code    16  os_cpu_c.o(.text)
    OSInitHook                               0x0800da0d   Thumb Code    28  os_cpu_c.o(.text)
    OSStatTaskHook                           0x0800da29   Thumb Code    16  os_cpu_c.o(.text)
    OSTaskCreateHook                         0x0800da39   Thumb Code    20  os_cpu_c.o(.text)
    OSTaskDelHook                            0x0800da4d   Thumb Code    20  os_cpu_c.o(.text)
    OSTaskReturnHook                         0x0800da61   Thumb Code    20  os_cpu_c.o(.text)
    OSTaskStkInit                            0x0800da75   Thumb Code   600  os_cpu_c.o(.text)
    OSTaskSwHook                             0x0800dccd   Thumb Code   120  os_cpu_c.o(.text)
    OSTimeTickHook                           0x0800dd45   Thumb Code    16  os_cpu_c.o(.text)
    OS_CPU_SysTickHandler                    0x0800dd55   Thumb Code    52  os_cpu_c.o(.text)
    OS_CPU_SysTickInit                       0x0800dd89   Thumb Code    44  os_cpu_c.o(.text)
    __aeabi_uldivmod                         0x0800ddf5   Thumb Code    98  uldiv.o(.text)
    __aeabi_dadd                             0x0800de57   Thumb Code   322  dadd.o(.text)
    __aeabi_dsub                             0x0800df99   Thumb Code     6  dadd.o(.text)
    __aeabi_drsub                            0x0800df9f   Thumb Code     6  dadd.o(.text)
    __aeabi_dmul                             0x0800dfa5   Thumb Code   228  dmul.o(.text)
    __aeabi_d2iz                             0x0800e089   Thumb Code    62  dfixi.o(.text)
    __aeabi_f2d                              0x0800e0c7   Thumb Code    38  f2d.o(.text)
    __aeabi_cdcmpeq                          0x0800e0ed   Thumb Code     0  cdcmple.o(.text)
    __aeabi_cdcmple                          0x0800e0ed   Thumb Code    48  cdcmple.o(.text)
    __aeabi_cdrcmple                         0x0800e11d   Thumb Code    48  cdrcmple.o(.text)
    __aeabi_uidiv                            0x0800e14d   Thumb Code     0  uidiv.o(.text)
    __aeabi_uidivmod                         0x0800e14d   Thumb Code    44  uidiv.o(.text)
    __aeabi_llsl                             0x0800e179   Thumb Code    30  llshl.o(.text)
    _ll_shift_l                              0x0800e179   Thumb Code     0  llshl.o(.text)
    __aeabi_llsr                             0x0800e197   Thumb Code    32  llushr.o(.text)
    _ll_ushift_r                             0x0800e197   Thumb Code     0  llushr.o(.text)
    __aeabi_lasr                             0x0800e1b7   Thumb Code    36  llsshr.o(.text)
    _ll_sshift_r                             0x0800e1b7   Thumb Code     0  llsshr.o(.text)
    __I$use$fp                               0x0800e1db   Thumb Code     0  iusefp.o(.text)
    _double_round                            0x0800e1db   Thumb Code    30  depilogue.o(.text)
    _double_epilogue                         0x0800e1f9   Thumb Code   156  depilogue.o(.text)
    __aeabi_ddiv                             0x0800e295   Thumb Code   222  ddiv.o(.text)
    __aeabi_d2ulz                            0x0800e373   Thumb Code    48  dfixul.o(.text)
    __scatterload                            0x0800e3a5   Thumb Code    28  init.o(.text)
    __scatterload_rt2                        0x0800e3a5   Thumb Code     0  init.o(.text)
    __decompress                             0x0800e3c9   Thumb Code     0  __dczerorl2.o(.text)
    __decompress1                            0x0800e3c9   Thumb Code    86  __dczerorl2.o(.text)
    OSStartHighRdy                           0x0800e421   Thumb Code     0  os_cpu_a.o(CODE)
    OSCtxSw                                  0x0800e443   Thumb Code     0  os_cpu_a.o(CODE)
    OSIntCtxSw                               0x0800e44d   Thumb Code     0  os_cpu_a.o(CODE)
    PendSV_Handler                           0x0800e457   Thumb Code     0  os_cpu_a.o(CODE)
    __0printf                                0x0800e4cd   Thumb Code    22  printfa.o(i.__0printf)
    __1printf                                0x0800e4cd   Thumb Code     0  printfa.o(i.__0printf)
    __2printf                                0x0800e4cd   Thumb Code     0  printfa.o(i.__0printf)
    __c89printf                              0x0800e4cd   Thumb Code     0  printfa.o(i.__0printf)
    printf                                   0x0800e4cd   Thumb Code     0  printfa.o(i.__0printf)
    __hardfp_fabs                            0x0800e4ed   Thumb Code    20  fabs.o(i.__hardfp_fabs)
    __scatterload_copy                       0x0800e501   Thumb Code    14  handlers.o(i.__scatterload_copy)
    __scatterload_null                       0x0800e50f   Thumb Code     2  handlers.o(i.__scatterload_null)
    __scatterload_zeroinit                   0x0800e511   Thumb Code    14  handlers.o(i.__scatterload_zeroinit)
    CPU_EndiannessTest                       0x0800eeb4   Data           4  cpu_core.o(.constdata)
    OSCfg_IdleTaskStkBasePtr                 0x0800ef4c   Data           4  os_cfg_app.o(.constdata)
    OSCfg_IdleTaskStkLimit                   0x0800ef50   Data           4  os_cfg_app.o(.constdata)
    OSCfg_IdleTaskStkSize                    0x0800ef54   Data           4  os_cfg_app.o(.constdata)
    OSCfg_IdleTaskStkSizeRAM                 0x0800ef58   Data           4  os_cfg_app.o(.constdata)
    OSCfg_IntQBasePtr                        0x0800ef5c   Data           4  os_cfg_app.o(.constdata)
    OSCfg_IntQSize                           0x0800ef60   Data           2  os_cfg_app.o(.constdata)
    OSCfg_IntQSizeRAM                        0x0800ef64   Data           4  os_cfg_app.o(.constdata)
    OSCfg_IntQTaskStkBasePtr                 0x0800ef68   Data           4  os_cfg_app.o(.constdata)
    OSCfg_IntQTaskStkLimit                   0x0800ef6c   Data           4  os_cfg_app.o(.constdata)
    OSCfg_IntQTaskStkSize                    0x0800ef70   Data           4  os_cfg_app.o(.constdata)
    OSCfg_IntQTaskStkSizeRAM                 0x0800ef74   Data           4  os_cfg_app.o(.constdata)
    OSCfg_ISRStkBasePtr                      0x0800ef78   Data           4  os_cfg_app.o(.constdata)
    OSCfg_ISRStkSize                         0x0800ef7c   Data           4  os_cfg_app.o(.constdata)
    OSCfg_ISRStkSizeRAM                      0x0800ef80   Data           4  os_cfg_app.o(.constdata)
    OSCfg_MsgPoolSize                        0x0800ef84   Data           2  os_cfg_app.o(.constdata)
    OSCfg_MsgPoolSizeRAM                     0x0800ef88   Data           4  os_cfg_app.o(.constdata)
    OSCfg_MsgPoolBasePtr                     0x0800ef8c   Data           4  os_cfg_app.o(.constdata)
    OSCfg_StatTaskPrio                       0x0800ef90   Data           1  os_cfg_app.o(.constdata)
    OSCfg_StatTaskRate_Hz                    0x0800ef94   Data           4  os_cfg_app.o(.constdata)
    OSCfg_StatTaskStkBasePtr                 0x0800ef98   Data           4  os_cfg_app.o(.constdata)
    OSCfg_StatTaskStkLimit                   0x0800ef9c   Data           4  os_cfg_app.o(.constdata)
    OSCfg_StatTaskStkSize                    0x0800efa0   Data           4  os_cfg_app.o(.constdata)
    OSCfg_StatTaskStkSizeRAM                 0x0800efa4   Data           4  os_cfg_app.o(.constdata)
    OSCfg_StkSizeMin                         0x0800efa8   Data           4  os_cfg_app.o(.constdata)
    OSCfg_TickRate_Hz                        0x0800efac   Data           4  os_cfg_app.o(.constdata)
    OSCfg_TickTaskPrio                       0x0800efb0   Data           1  os_cfg_app.o(.constdata)
    OSCfg_TickTaskStkBasePtr                 0x0800efb4   Data           4  os_cfg_app.o(.constdata)
    OSCfg_TickTaskStkLimit                   0x0800efb8   Data           4  os_cfg_app.o(.constdata)
    OSCfg_TickTaskStkSize                    0x0800efbc   Data           4  os_cfg_app.o(.constdata)
    OSCfg_TickTaskStkSizeRAM                 0x0800efc0   Data           4  os_cfg_app.o(.constdata)
    OSCfg_TickWheelSize                      0x0800efc4   Data           2  os_cfg_app.o(.constdata)
    OSCfg_TickWheelSizeRAM                   0x0800efc8   Data           4  os_cfg_app.o(.constdata)
    OSCfg_TmrTaskPrio                        0x0800efcc   Data           1  os_cfg_app.o(.constdata)
    OSCfg_TmrTaskRate_Hz                     0x0800efd0   Data           4  os_cfg_app.o(.constdata)
    OSCfg_TmrTaskStkBasePtr                  0x0800efd4   Data           4  os_cfg_app.o(.constdata)
    OSCfg_TmrTaskStkLimit                    0x0800efd8   Data           4  os_cfg_app.o(.constdata)
    OSCfg_TmrTaskStkSize                     0x0800efdc   Data           4  os_cfg_app.o(.constdata)
    OSCfg_TmrTaskStkSizeRAM                  0x0800efe0   Data           4  os_cfg_app.o(.constdata)
    OSCfg_TmrWheelSize                       0x0800efe4   Data           2  os_cfg_app.o(.constdata)
    OSCfg_TmrWheelSizeRAM                    0x0800efe8   Data           4  os_cfg_app.o(.constdata)
    OSCfg_DataSizeRAM                        0x0800efec   Data           4  os_cfg_app.o(.constdata)
    OSDbg_DbgEn                              0x0800eff0   Data           2  os_dbg.o(.constdata)
    OSDbg_ArgChkEn                           0x0800eff2   Data           1  os_dbg.o(.constdata)
    OSDbg_AppHooksEn                         0x0800eff3   Data           1  os_dbg.o(.constdata)
    OSDbg_EndiannessTest                     0x0800eff4   Data           4  os_dbg.o(.constdata)
    OSDbg_CalledFromISRChkEn                 0x0800eff8   Data           1  os_dbg.o(.constdata)
    OSDbg_FlagEn                             0x0800eff9   Data           1  os_dbg.o(.constdata)
    OSDbg_FlagGrp                            0x0800effc   Data          40  os_dbg.o(.constdata)
    OSDbg_FlagDelEn                          0x0800f024   Data           1  os_dbg.o(.constdata)
    OSDbg_FlagModeClrEn                      0x0800f025   Data           1  os_dbg.o(.constdata)
    OSDbg_FlagPendAbortEn                    0x0800f026   Data           1  os_dbg.o(.constdata)
    OSDbg_FlagGrpSize                        0x0800f028   Data           2  os_dbg.o(.constdata)
    OSDbg_FlagWidth                          0x0800f02a   Data           2  os_dbg.o(.constdata)
    OSDbg_IntQ                               0x0800f02c   Data           2  os_dbg.o(.constdata)
    OSDbg_ISRPostDeferredEn                  0x0800f02e   Data           1  os_dbg.o(.constdata)
    OSDbg_Mem                                0x0800f030   Data          32  os_dbg.o(.constdata)
    OSDbg_MemEn                              0x0800f050   Data           1  os_dbg.o(.constdata)
    OSDbg_MemSize                            0x0800f052   Data           2  os_dbg.o(.constdata)
    OSDbg_MsgEn                              0x0800f054   Data           1  os_dbg.o(.constdata)
    OSDbg_MsgSize                            0x0800f056   Data           2  os_dbg.o(.constdata)
    OSDbg_MsgPoolSize                        0x0800f058   Data           2  os_dbg.o(.constdata)
    OSDbg_MsgQSize                           0x0800f05a   Data           2  os_dbg.o(.constdata)
    OSDbg_Mutex                              0x0800f05c   Data          44  os_dbg.o(.constdata)
    OSDbg_MutexEn                            0x0800f088   Data           1  os_dbg.o(.constdata)
    OSDbg_MutexDelEn                         0x0800f089   Data           1  os_dbg.o(.constdata)
    OSDbg_MutexPendAbortEn                   0x0800f08a   Data           1  os_dbg.o(.constdata)
    OSDbg_MutexSize                          0x0800f08c   Data           2  os_dbg.o(.constdata)
    OSDbg_ObjTypeChkEn                       0x0800f08e   Data           1  os_dbg.o(.constdata)
    OSDbg_PendMultiEn                        0x0800f08f   Data           1  os_dbg.o(.constdata)
    OSDbg_PendDataSize                       0x0800f090   Data           2  os_dbg.o(.constdata)
    OSDbg_PendListSize                       0x0800f092   Data           2  os_dbg.o(.constdata)
    OSDbg_PendObjSize                        0x0800f094   Data           2  os_dbg.o(.constdata)
    OSDbg_PrioMax                            0x0800f096   Data           2  os_dbg.o(.constdata)
    OSDbg_PrioTblSize                        0x0800f098   Data           2  os_dbg.o(.constdata)
    OSDbg_PtrSize                            0x0800f09a   Data           2  os_dbg.o(.constdata)
    OSDbg_Q                                  0x0800f09c   Data          48  os_dbg.o(.constdata)
    OSDbg_QEn                                0x0800f0cc   Data           1  os_dbg.o(.constdata)
    OSDbg_QDelEn                             0x0800f0cd   Data           1  os_dbg.o(.constdata)
    OSDbg_QFlushEn                           0x0800f0ce   Data           1  os_dbg.o(.constdata)
    OSDbg_QPendAbortEn                       0x0800f0cf   Data           1  os_dbg.o(.constdata)
    OSDbg_QSize                              0x0800f0d0   Data           2  os_dbg.o(.constdata)
    OSDbg_SchedRoundRobinEn                  0x0800f0d2   Data           1  os_dbg.o(.constdata)
    OSDbg_Sem                                0x0800f0d4   Data          40  os_dbg.o(.constdata)
    OSDbg_SemEn                              0x0800f0fc   Data           1  os_dbg.o(.constdata)
    OSDbg_SemDelEn                           0x0800f0fd   Data           1  os_dbg.o(.constdata)
    OSDbg_SemPendAbortEn                     0x0800f0fe   Data           1  os_dbg.o(.constdata)
    OSDbg_SemSetEn                           0x0800f0ff   Data           1  os_dbg.o(.constdata)
    OSDbg_SemSize                            0x0800f100   Data           2  os_dbg.o(.constdata)
    OSDbg_RdyList                            0x0800f102   Data           2  os_dbg.o(.constdata)
    OSDbg_RdyListSize                        0x0800f104   Data           4  os_dbg.o(.constdata)
    OSDbg_StkWidth                           0x0800f108   Data           1  os_dbg.o(.constdata)
    OSDbg_StatTaskEn                         0x0800f109   Data           1  os_dbg.o(.constdata)
    OSDbg_StatTaskStkChkEn                   0x0800f10a   Data           1  os_dbg.o(.constdata)
    OSDbg_TaskChangePrioEn                   0x0800f10b   Data           1  os_dbg.o(.constdata)
    OSDbg_TaskDelEn                          0x0800f10c   Data           1  os_dbg.o(.constdata)
    OSDbg_TaskQEn                            0x0800f10d   Data           1  os_dbg.o(.constdata)
    OSDbg_TaskQPendAbortEn                   0x0800f10e   Data           1  os_dbg.o(.constdata)
    OSDbg_TaskProfileEn                      0x0800f10f   Data           1  os_dbg.o(.constdata)
    OSDbg_TaskRegTblSize                     0x0800f110   Data           2  os_dbg.o(.constdata)
    OSDbg_TaskSemPendAbortEn                 0x0800f112   Data           1  os_dbg.o(.constdata)
    OSDbg_TaskSuspendEn                      0x0800f113   Data           1  os_dbg.o(.constdata)
    OSDbg_TCBSize                            0x0800f114   Data           2  os_dbg.o(.constdata)
    OSDbg_TickSpokeSize                      0x0800f116   Data           2  os_dbg.o(.constdata)
    OSDbg_TimeDlyHMSMEn                      0x0800f118   Data           1  os_dbg.o(.constdata)
    OSDbg_TimeDlyResumeEn                    0x0800f119   Data           1  os_dbg.o(.constdata)
    OSDbg_TLS_TblSize                        0x0800f11a   Data           2  os_dbg.o(.constdata)
    OSDbg_Tmr                                0x0800f11c   Data          52  os_dbg.o(.constdata)
    OSDbg_TmrEn                              0x0800f150   Data           1  os_dbg.o(.constdata)
    OSDbg_TmrDelEn                           0x0800f151   Data           1  os_dbg.o(.constdata)
    OSDbg_TmrSize                            0x0800f152   Data           2  os_dbg.o(.constdata)
    OSDbg_TmrSpokeSize                       0x0800f154   Data           2  os_dbg.o(.constdata)
    OSDbg_VersionNbr                         0x0800f156   Data           2  os_dbg.o(.constdata)
    OSDbg_DataSize                           0x0800f158   Data           4  os_dbg.o(.constdata)
    Region$$Table$$Base                      0x0800f15c   Number         0  anon$$obj.o(Region$$Table)
    Region$$Table$$Limit                     0x0800f17c   Number         0  anon$$obj.o(Region$$Table)
    SystemCoreClock                          0x20000004   Data           4  system_stm32f4xx.o(.data)
    AHBPrescTable                            0x20000008   Data          16  system_stm32f4xx.o(.data)
    Output_MAX                               0x20000032   Data           2  pid.o(.data)
    Zero_Middle_TakeBall_flag0               0x20000034   Data           4  task.o(.data)
    Move_Ready                               0x20000038   Data           4  task.o(.data)
    m                                        0x2000003c   Data           4  task.o(.data)
    YAW_HOLD                                 0x20000040   Data           2  task.o(.data)
    PITCH_HOLD                               0x20000042   Data           2  task.o(.data)
    Total_AngleWant0                         0x20000044   Data           2  task.o(.data)
    Total_AngleWant1                         0x20000046   Data           2  task.o(.data)
    __stdout                                 0x2000005c   Data           4  usart.o(.data)
    USART_RX_STA                             0x20000060   Data           2  usart.o(.data)
    CPU_TS_TmrFreq_Hz                        0x20000064   Data           4  cpu_core.o(.data)
    Mem_PoolTbl                              0x20000068   Data           4  lib_mem.o(.data)
    OSPrioTbl                                0x2000006c   Data           8  os_prio.o(.data)
    OS_AppTaskCreateHookPtr                  0x20000074   Data           4  os_var.o(.data)
    OS_AppTaskDelHookPtr                     0x20000078   Data           4  os_var.o(.data)
    OS_AppTaskReturnHookPtr                  0x2000007c   Data           4  os_var.o(.data)
    OS_AppIdleTaskHookPtr                    0x20000080   Data           4  os_var.o(.data)
    OS_AppStatTaskHookPtr                    0x20000084   Data           4  os_var.o(.data)
    OS_AppTaskSwHookPtr                      0x20000088   Data           4  os_var.o(.data)
    OS_AppTimeTickHookPtr                    0x2000008c   Data           4  os_var.o(.data)
    OSIdleTaskCtr                            0x20000090   Data           4  os_var.o(.data)
    OSIntNestingCtr                          0x20000094   Data           1  os_var.o(.data)
    OSRunning                                0x20000095   Data           1  os_var.o(.data)
    OSIntQInPtr                              0x20000098   Data           4  os_var.o(.data)
    OSIntQOutPtr                             0x2000009c   Data           4  os_var.o(.data)
    OSIntQNbrEntries                         0x200000a0   Data           2  os_var.o(.data)
    OSIntQNbrEntriesMax                      0x200000a2   Data           2  os_var.o(.data)
    OSIntQOvfCtr                             0x200000a4   Data           2  os_var.o(.data)
    OSIntQTaskTimeMax                        0x200000a8   Data           4  os_var.o(.data)
    OSFlagDbgListPtr                         0x200000ac   Data           4  os_var.o(.data)
    OSFlagQty                                0x200000b0   Data           2  os_var.o(.data)
    OSMemDbgListPtr                          0x200000b4   Data           4  os_var.o(.data)
    OSMemQty                                 0x200000b8   Data           2  os_var.o(.data)
    OSMutexDbgListPtr                        0x200000bc   Data           4  os_var.o(.data)
    OSMutexQty                               0x200000c0   Data           2  os_var.o(.data)
    OSPrioCur                                0x200000c2   Data           1  os_var.o(.data)
    OSPrioHighRdy                            0x200000c3   Data           1  os_var.o(.data)
    OSPrioSaved                              0x200000c4   Data           1  os_var.o(.data)
    OSQDbgListPtr                            0x200000c8   Data           4  os_var.o(.data)
    OSQQty                                   0x200000cc   Data           2  os_var.o(.data)
    OSSchedLockTimeBegin                     0x200000d0   Data           4  os_var.o(.data)
    OSSchedLockTimeMax                       0x200000d4   Data           4  os_var.o(.data)
    OSSchedLockTimeMaxCur                    0x200000d8   Data           4  os_var.o(.data)
    OSSchedLockNestingCtr                    0x200000dc   Data           1  os_var.o(.data)
    OSSchedRoundRobinDfltTimeQuanta          0x200000e0   Data           4  os_var.o(.data)
    OSSchedRoundRobinEn                      0x200000e4   Data           1  os_var.o(.data)
    OSSemDbgListPtr                          0x200000e8   Data           4  os_var.o(.data)
    OSSemQty                                 0x200000ec   Data           2  os_var.o(.data)
    OSStatResetFlag                          0x200000ee   Data           1  os_var.o(.data)
    OSStatTaskCPUUsage                       0x200000f0   Data           2  os_var.o(.data)
    OSStatTaskCPUUsageMax                    0x200000f2   Data           2  os_var.o(.data)
    OSStatTaskCtr                            0x200000f4   Data           4  os_var.o(.data)
    OSStatTaskCtrMax                         0x200000f8   Data           4  os_var.o(.data)
    OSStatTaskCtrRun                         0x200000fc   Data           4  os_var.o(.data)
    OSStatTaskRdy                            0x20000100   Data           1  os_var.o(.data)
    OSStatTaskTimeMax                        0x20000104   Data           4  os_var.o(.data)
    OSTaskCtxSwCtr                           0x20000108   Data           4  os_var.o(.data)
    OSTaskDbgListPtr                         0x2000010c   Data           4  os_var.o(.data)
    OSTaskQty                                0x20000110   Data           2  os_var.o(.data)
    OSTaskRegNextAvailID                     0x20000112   Data           1  os_var.o(.data)
    OSTickCtr                                0x20000114   Data           4  os_var.o(.data)
    OSTickTaskTimeMax                        0x20000118   Data           4  os_var.o(.data)
    OSTmrDbgListPtr                          0x2000011c   Data           4  os_var.o(.data)
    OSTmrQty                                 0x20000120   Data           2  os_var.o(.data)
    OSTmrTaskTimeMax                         0x20000124   Data           4  os_var.o(.data)
    OSTmrTickCtr                             0x20000128   Data           4  os_var.o(.data)
    OSTmrUpdateCnt                           0x2000012c   Data           4  os_var.o(.data)
    OSTmrUpdateCtr                           0x20000130   Data           4  os_var.o(.data)
    OSTCBCurPtr                              0x20000134   Data           4  os_var.o(.data)
    OSTCBHighRdyPtr                          0x20000138   Data           4  os_var.o(.data)
    OS_CPU_ExceptStkBase                     0x2000013c   Data           4  os_cpu_c.o(.data)
    TxMessage                                0x20000140   Data          20  can.o(.bss)
    RxMessage                                0x20000154   Data          20  can.o(.bss)
    motor_info                               0x20000168   Data         168  can.o(.bss)
    control_info                             0x20000210   Data          32  can.o(.bss)
    PID_SpeedLoop                            0x20000230   Data         224  pid.o(.bss)
    PID_AngleLoop                            0x20000310   Data         224  pid.o(.bss)
    PID_6020Loop1                            0x200003f0   Data         224  pid.o(.bss)
    PID_6020Loop2                            0x200004d0   Data         224  pid.o(.bss)
    PID_6020Loop3                            0x200005b0   Data         224  pid.o(.bss)
    PID_3508Loop                             0x20000690   Data         224  pid.o(.bss)
    PID_PIXLoop                              0x20000770   Data         224  pid.o(.bss)
    SpeedWant                                0x20000850   Data          16  motor.o(.bss)
    AngleWant                                0x20000860   Data          16  motor.o(.bss)
    TotalWant                                0x20000870   Data          16  motor.o(.bss)
    START_TASK_STK                           0x20000880   Data        2048  task.o(.bss)
    LED0_TASK_STK                            0x20001080   Data         512  task.o(.bss)
    ANGLE_TASK_STK                           0x20001280   Data        2048  task.o(.bss)
    SPEED_TASK_STK                           0x20001a80   Data        2048  task.o(.bss)
    TOTAL_TASK_STK                           0x20002280   Data        2048  task.o(.bss)
    StartTaskTCB                             0x20002a80   Data         196  task.o(.bss)
    Led0TaskTCB                              0x20002b44   Data         196  task.o(.bss)
    AngleTaskTCB                             0x20002c08   Data         196  task.o(.bss)
    SpeedTaskTCB                             0x20002ccc   Data         196  task.o(.bss)
    TotalTaskTCB                             0x20002d90   Data         196  task.o(.bss)
    SPEED_SEM                                0x20002e54   Data          40  task.o(.bss)
    ANGLE_SEM                                0x20002e7c   Data          40  task.o(.bss)
    TOTAL_SEM                                0x20002ea4   Data          40  task.o(.bss)
    USART_RX_BUF                             0x20002ecc   Data         200  usart.o(.bss)
    CPU_Name                                 0x20002f94   Data          16  cpu_core.o(.bss)
    Mem_PoolHeap                             0x20002fa4   Data          72  lib_mem.o(.bss)
    Mem_Heap                                 0x20002fec   Data        1024  lib_mem.o(.bss)
    OSCfg_IdleTaskStk                        0x200033ec   Data         512  os_cfg_app.o(.bss)
    OSCfg_IntQ                               0x200035ec   Data         320  os_cfg_app.o(.bss)
    OSCfg_IntQTaskStk                        0x2000372c   Data         512  os_cfg_app.o(.bss)
    OSCfg_ISRStk                             0x2000392c   Data         512  os_cfg_app.o(.bss)
    OSCfg_MsgPool                            0x20003b2c   Data        1600  os_cfg_app.o(.bss)
    OSCfg_StatTaskStk                        0x2000416c   Data         512  os_cfg_app.o(.bss)
    OSCfg_TickTaskStk                        0x2000436c   Data         512  os_cfg_app.o(.bss)
    OSCfg_TickWheel                          0x2000456c   Data         136  os_cfg_app.o(.bss)
    OSCfg_TmrTaskStk                         0x200045f4   Data         512  os_cfg_app.o(.bss)
    OSCfg_TmrWheel                           0x200047f4   Data         136  os_cfg_app.o(.bss)
    OSIdleTaskTCB                            0x2000487c   Data         196  os_var.o(.bss)
    OSIntQTaskTCB                            0x20004940   Data         196  os_var.o(.bss)
    OSMsgPool                                0x20004a04   Data          12  os_var.o(.bss)
    OSRdyList                                0x20004a10   Data         768  os_var.o(.bss)
    OSStatTaskTCB                            0x20004d10   Data         196  os_var.o(.bss)
    OSTickTaskTCB                            0x20004dd4   Data         196  os_var.o(.bss)
    OSTmrTaskTCB                             0x20004e98   Data         196  os_var.o(.bss)
    __initial_sp                             0x20005360   Data           0  startup_stm32f40_41xxx.o(STACK)



==============================================================================

Memory Map of the image

  Image Entry point : 0x08000189

  Load Region LR_IROM1 (Base: 0x08000000, Size: 0x0000f2bc, Max: 0x00100000, ABSOLUTE, COMPRESSED[0x0000f1a0])

    Execution Region ER_IROM1 (Base: 0x08000000, Size: 0x0000f17c, Max: 0x00100000, ABSOLUTE)

    Base Addr    Size         Type   Attr      Idx    E Section Name        Object

    0x08000000   0x00000188   Data   RO          493    RESET               startup_stm32f40_41xxx.o
    0x08000188   0x00000000   Code   RO         1127  * .ARM.Collect$$$$00000000  mc_w.l(entry.o)
    0x08000188   0x00000004   Code   RO         1405    .ARM.Collect$$$$00000001  mc_w.l(entry2.o)
    0x0800018c   0x00000004   Code   RO         1408    .ARM.Collect$$$$00000004  mc_w.l(entry5.o)
    0x08000190   0x00000000   Code   RO         1410    .ARM.Collect$$$$00000008  mc_w.l(entry7b.o)
    0x08000190   0x00000000   Code   RO         1412    .ARM.Collect$$$$0000000A  mc_w.l(entry8b.o)
    0x08000190   0x00000008   Code   RO         1413    .ARM.Collect$$$$0000000B  mc_w.l(entry9a.o)
    0x08000198   0x00000000   Code   RO         1415    .ARM.Collect$$$$0000000D  mc_w.l(entry10a.o)
    0x08000198   0x00000000   Code   RO         1417    .ARM.Collect$$$$0000000F  mc_w.l(entry11a.o)
    0x08000198   0x00000004   Code   RO         1406    .ARM.Collect$$$$00002712  mc_w.l(entry2.o)
    0x0800019c   0x00000134   Code   RO            3    .text               main.o
    0x080002d0   0x000000b4   Code   RO          242    .text               stm32f4xx_it.o
    0x08000384   0x00000210   Code   RO          292    .text               system_stm32f4xx.o
    0x08000594   0x0000003c   Code   RO          318    .text               led.o
    0x080005d0   0x000006dc   Code   RO          338    .text               can.o
    0x08000cac   0x0000009c   Code   RO          367    .text               key.o
    0x08000d48   0x00000780   Code   RO          388    .text               pid.o
    0x080014c8   0x00000064   Code   RO          415    .text               timer.o
    0x0800152c   0x0000036c   Code   RO          435    .text               motor.o
    0x08001898   0x000006f0   Code   RO          466    .text               task.o
    0x08001f88   0x00000024   Code   RO          494    .text               startup_stm32f40_41xxx.o
    0x08001fac   0x000000e0   Code   RO          500    .text               misc.o
    0x0800208c   0x00000294   Code   RO          520    .text               stm32f4xx_gpio.o
    0x08002320   0x0000065c   Code   RO          540    .text               stm32f4xx_rcc.o
    0x0800297c   0x00000454   Code   RO          582    .text               stm32f4xx_usart.o
    0x08002dd0   0x000009f0   Code   RO          602    .text               stm32f4xx_can.o
    0x080037c0   0x00000ca2   Code   RO          622    .text               stm32f4xx_tim.o
    0x08004462   0x00000002   PAD
    0x08004464   0x00000148   Code   RO          642    .text               delay.o
    0x080045ac   0x0000015c   Code   RO          682    .text               usart.o
    0x08004708   0x00000084   Code   RO          713    .text               bsp.o
    0x0800478c   0x000002a8   Code   RO          746    .text               cpu_core.o
    0x08004a34   0x00000034   Code   RO          772    .text               cpu_a.o
    0x08004a68   0x00000256   Code   RO          775    .text               lib_ascii.o
    0x08004cbe   0x00000002   PAD
    0x08004cc0   0x000009c6   Code   RO          808    .text               lib_mem.o
    0x08005686   0x00000002   PAD
    0x08005688   0x0000092c   Code   RO          827    .text               lib_str.o
    0x08005fb4   0x00000220   Code   RO          844    .text               lib_mem_a.o
    0x080061d4   0x000000fc   Code   RO          847    .text               os_cfg_app.o
    0x080062d0   0x00000df0   Code   RO          870    .text               os_core.o
    0x080070c0   0x000001b0   Code   RO          882    .text               os_dbg.o
    0x08007270   0x00000e28   Code   RO          897    .text               os_flag.o
    0x08008098   0x00000444   Code   RO          909    .text               os_int.o
    0x080084dc   0x00000238   Code   RO          921    .text               os_mem.o
    0x08008714   0x0000022c   Code   RO          933    .text               os_msg.o
    0x08008940   0x00000ad4   Code   RO          945    .text               os_mutex.o
    0x08009414   0x0000007c   Code   RO          963    .text               os_prio.o
    0x08009490   0x000008d8   Code   RO          982    .text               os_q.o
    0x08009d68   0x00000830   Code   RO          994    .text               os_sem.o
    0x0800a598   0x00000638   Code   RO         1006    .text               os_stat.o
    0x0800abd0   0x00001bb4   Code   RO         1018    .text               os_task.o
    0x0800c784   0x000004fc   Code   RO         1030    .text               os_tick.o
    0x0800cc80   0x00000564   Code   RO         1042    .text               os_time.o
    0x0800d1e4   0x00000818   Code   RO         1054    .text               os_tmr.o
    0x0800d9fc   0x000003f8   Code   RO         1082    .text               os_cpu_c.o
    0x0800ddf4   0x00000062   Code   RO         1130    .text               mc_w.l(uldiv.o)
    0x0800de56   0x0000014e   Code   RO         1393    .text               mf_w.l(dadd.o)
    0x0800dfa4   0x000000e4   Code   RO         1395    .text               mf_w.l(dmul.o)
    0x0800e088   0x0000003e   Code   RO         1397    .text               mf_w.l(dfixi.o)
    0x0800e0c6   0x00000026   Code   RO         1399    .text               mf_w.l(f2d.o)
    0x0800e0ec   0x00000030   Code   RO         1401    .text               mf_w.l(cdcmple.o)
    0x0800e11c   0x00000030   Code   RO         1403    .text               mf_w.l(cdrcmple.o)
    0x0800e14c   0x0000002c   Code   RO         1419    .text               mc_w.l(uidiv.o)
    0x0800e178   0x0000001e   Code   RO         1421    .text               mc_w.l(llshl.o)
    0x0800e196   0x00000020   Code   RO         1423    .text               mc_w.l(llushr.o)
    0x0800e1b6   0x00000024   Code   RO         1425    .text               mc_w.l(llsshr.o)
    0x0800e1da   0x00000000   Code   RO         1427    .text               mc_w.l(iusefp.o)
    0x0800e1da   0x000000ba   Code   RO         1428    .text               mf_w.l(depilogue.o)
    0x0800e294   0x000000de   Code   RO         1430    .text               mf_w.l(ddiv.o)
    0x0800e372   0x00000030   Code   RO         1432    .text               mf_w.l(dfixul.o)
    0x0800e3a2   0x00000002   PAD
    0x0800e3a4   0x00000024   Code   RO         1434    .text               mc_w.l(init.o)
    0x0800e3c8   0x00000056   Code   RO         1444    .text               mc_w.l(__dczerorl2.o)
    0x0800e41e   0x00000002   PAD
    0x0800e420   0x000000ac   Code   RO         1106    CODE                os_cpu_a.o
    0x0800e4cc   0x00000020   Code   RO         1365    i.__0printf         mc_w.l(printfa.o)
    0x0800e4ec   0x00000014   Code   RO         1121    i.__hardfp_fabs     m_wm.l(fabs.o)
    0x0800e500   0x0000000e   Code   RO         1438    i.__scatterload_copy  mc_w.l(handlers.o)
    0x0800e50e   0x00000002   Code   RO         1439    i.__scatterload_null  mc_w.l(handlers.o)
    0x0800e510   0x0000000e   Code   RO         1440    i.__scatterload_zeroinit  mc_w.l(handlers.o)
    0x0800e51e   0x00000002   PAD
    0x0800e520   0x00000164   Code   RO         1372    i._fp_digits        mc_w.l(printfa.o)
    0x0800e684   0x000006dc   Code   RO         1373    i._printf_core      mc_w.l(printfa.o)
    0x0800ed60   0x00000024   Code   RO         1374    i._printf_post_padding  mc_w.l(printfa.o)
    0x0800ed84   0x0000002e   Code   RO         1375    i._printf_pre_padding  mc_w.l(printfa.o)
    0x0800edb2   0x00000002   PAD
    0x0800edb4   0x00000104   Data   RO          748    .constdata          cpu_core.o
    0x0800eeb8   0x00000094   Data   RO          828    .constdata          lib_str.o
    0x0800ef4c   0x000000a4   Data   RO          849    .constdata          os_cfg_app.o
    0x0800eff0   0x0000016c   Data   RO          883    .constdata          os_dbg.o
    0x0800f15c   0x00000020   Data   RO         1436    Region$$Table       anon$$obj.o


    Execution Region RW_IRAM1 (Base: 0x20000000, Size: 0x00005360, Max: 0x00020000, ABSOLUTE, COMPRESSED[0x00000024])

    Base Addr    Size         Type   Attr      Idx    E Section Name        Object

    0x20000000   0x00000003   Data   RW          243    .data               stm32f4xx_it.o
    0x20000003   0x00000001   PAD
    0x20000004   0x00000014   Data   RW          293    .data               system_stm32f4xx.o
    0x20000018   0x00000018   Data   RW          340    .data               can.o
    0x20000030   0x00000001   Data   RW          368    .data               key.o
    0x20000031   0x00000001   PAD
    0x20000032   0x00000002   Data   RW          390    .data               pid.o
    0x20000034   0x00000014   Data   RW          468    .data               task.o
    0x20000048   0x00000010   Data   RW          541    .data               stm32f4xx_rcc.o
    0x20000058   0x00000004   Data   RW          643    .data               delay.o
    0x2000005c   0x00000006   Data   RW          684    .data               usart.o
    0x20000062   0x00000002   PAD
    0x20000064   0x00000004   Data   RW          749    .data               cpu_core.o
    0x20000068   0x00000004   Data   RW          810    .data               lib_mem.o
    0x2000006c   0x00000008   Data   RW          964    .data               os_prio.o
    0x20000074   0x000000c8   Data   RW         1067    .data               os_var.o
    0x2000013c   0x00000004   Data   RW         1083    .data               os_cpu_c.o
    0x20000140   0x000000f0   Zero   RW          339    .bss                can.o
    0x20000230   0x00000620   Zero   RW          389    .bss                pid.o
    0x20000850   0x00000030   Zero   RW          436    .bss                motor.o
    0x20000880   0x0000264c   Zero   RW          467    .bss                task.o
    0x20002ecc   0x000000c8   Zero   RW          683    .bss                usart.o
    0x20002f94   0x00000010   Zero   RW          747    .bss                cpu_core.o
    0x20002fa4   0x00000448   Zero   RW          809    .bss                lib_mem.o
    0x200033ec   0x00001490   Zero   RW          848    .bss                os_cfg_app.o
    0x2000487c   0x000006e0   Zero   RW         1066    .bss                os_var.o
    0x20004f5c   0x00000004   PAD
    0x20004f60   0x00000400   Zero   RW          491    STACK               startup_stm32f40_41xxx.o


==============================================================================

Image component sizes


      Code (inc. data)   RO Data    RW Data    ZI Data      Debug   Object Name

       132         14          0          0          0       1239   bsp.o
      1756         74          0         24        240       4699   can.o
        52          0          0          0          0        364   cpu_a.o
       680         14        260          4         16      14783   cpu_core.o
       328         24          0          4          0       1913   delay.o
       156         10          0          1          0        836   key.o
        60          6          0          0          0        563   led.o
       598          0          0          0          0       3816   lib_ascii.o
      2502         32          0          4       1096      22032   lib_mem.o
       544          0          0          0          0        512   lib_mem_a.o
      2348          6        148          0          0      13278   lib_str.o
       308         34          0          0          0     331015   main.o
       224         20          0          0          0       2029   misc.o
       876         36          0          0         48       4253   motor.o
       252        166        164          0       5264      21042   os_cfg_app.o
      3568        284          0          0          0      12273   os_core.o
       172         32          0          0          0        432   os_cpu_a.o
      1016         64          0          4          0       4161   os_cpu_c.o
       432        286        364          0          0       4869   os_dbg.o
      3624        110          0          0          0       7987   os_flag.o
      1092        146          0          0          0       2364   os_int.o
       568         20          0          0          0       2860   os_mem.o
       556         12          0          0          0       2871   os_msg.o
      2772        114          0          0          0       5678   os_mutex.o
       124          4          0          8          0       2012   os_prio.o
      2264         76          0          0          0       6356   os_q.o
      2096         70          0          0          0       6372   os_sem.o
      1592        180          0          0          0       2865   os_stat.o
      7092        270          0          0          0      13734   os_task.o
      1276         90          0          0          0       3469   os_tick.o
      1380         46          0          0          0       3261   os_time.o
      2072        140          0          0          0       6558   os_tmr.o
         0          0          0        200       1760      19405   os_var.o
      1920         90          0          2       1568       4269   pid.o
        36          8        392          0       1024        864   startup_stm32f40_41xxx.o
      2544         38          0          0          0       8176   stm32f4xx_can.o
       660         44          0          0          0       4301   stm32f4xx_gpio.o
       180         30          0          3          0       1463   stm32f4xx_it.o
      1628         52          0         16          0      13152   stm32f4xx_rcc.o
      3234         60          0          0          0      22504   stm32f4xx_tim.o
      1108         34          0          0          0       8004   stm32f4xx_usart.o
       528         46          0         20          0       1887   system_stm32f4xx.o
      1776        272          0         20       9804       3724   task.o
       100          6          0          0          0        716   timer.o
       348         18          0          6        200       3438   usart.o

    ----------------------------------------------------------------------
     56580       3078       1360        320      21024     602399   Object Totals
         0          0         32          0          0          0   (incl. Generated)
         6          0          0          4          4          0   (incl. Padding)

    ----------------------------------------------------------------------

      Code (inc. data)   RO Data    RW Data    ZI Data      Debug   Library Member Name

        20          0          0          0          0        124   fabs.o
        86          0          0          0          0          0   __dczerorl2.o
         0          0          0          0          0          0   entry.o
         0          0          0          0          0          0   entry10a.o
         0          0          0          0          0          0   entry11a.o
         8          4          0          0          0          0   entry2.o
         4          0          0          0          0          0   entry5.o
         0          0          0          0          0          0   entry7b.o
         0          0          0          0          0          0   entry8b.o
         8          4          0          0          0          0   entry9a.o
        30          0          0          0          0          0   handlers.o
        36          8          0          0          0         68   init.o
         0          0          0          0          0          0   iusefp.o
        30          0          0          0          0         68   llshl.o
        36          0          0          0          0         68   llsshr.o
        32          0          0          0          0         68   llushr.o
      2226         90          0          0          0        444   printfa.o
        44          0          0          0          0         80   uidiv.o
        98          0          0          0          0         92   uldiv.o
        48          0          0          0          0         68   cdcmple.o
        48          0          0          0          0         68   cdrcmple.o
       334          0          0          0          0        148   dadd.o
       222          0          0          0          0        100   ddiv.o
       186          0          0          0          0        176   depilogue.o
        62          0          0          0          0         80   dfixi.o
        48          0          0          0          0         68   dfixul.o
       228          0          0          0          0         96   dmul.o
        38          0          0          0          0         68   f2d.o

    ----------------------------------------------------------------------
      3880        106          0          0          0       1884   Library Totals
         8          0          0          0          0          0   (incl. Padding)

    ----------------------------------------------------------------------

      Code (inc. data)   RO Data    RW Data    ZI Data      Debug   Library Name

        20          0          0          0          0        124   m_wm.l
      2638        106          0          0          0        888   mc_w.l
      1214          0          0          0          0        872   mf_w.l

    ----------------------------------------------------------------------
      3880        106          0          0          0       1884   Library Totals

    ----------------------------------------------------------------------

==============================================================================


      Code (inc. data)   RO Data    RW Data    ZI Data      Debug   

     60460       3184       1360        320      21024     594183   Grand Totals
     60460       3184       1360         36      21024     594183   ELF Image Totals (compressed)
     60460       3184       1360         36          0          0   ROM Totals

==============================================================================

    Total RO  Size (Code + RO Data)                61820 (  60.37kB)
    Total RW  Size (RW Data + ZI Data)             21344 (  20.84kB)
    Total ROM Size (Code + RO Data + RW Data)      61856 (  60.41kB)

==============================================================================

