Archive member included to satisfy reference by file (symbol)

d:/arm-none-eabi/bin/../lib/gcc/arm-none-eabi/10.3.1/../../../../arm-none-eabi/lib/thumb/v7-m/nofp\libg.a(lib_a-errno.o)
                              CMakeFiles/demo.elf.dir/Core/Src/syscalls.c.obj (__errno)
d:/arm-none-eabi/bin/../lib/gcc/arm-none-eabi/10.3.1/../../../../arm-none-eabi/lib/thumb/v7-m/nofp\libg.a(lib_a-exit.o)
                              d:/arm-none-eabi/bin/../lib/gcc/arm-none-eabi/10.3.1/../../../../arm-none-eabi/lib/thumb/v7-m/nofp/crt0.o (exit)
d:/arm-none-eabi/bin/../lib/gcc/arm-none-eabi/10.3.1/../../../../arm-none-eabi/lib/thumb/v7-m/nofp\libg.a(lib_a-impure.o)
                              d:/arm-none-eabi/bin/../lib/gcc/arm-none-eabi/10.3.1/../../../../arm-none-eabi/lib/thumb/v7-m/nofp\libg.a(lib_a-exit.o) (_global_impure_ptr)
d:/arm-none-eabi/bin/../lib/gcc/arm-none-eabi/10.3.1/../../../../arm-none-eabi/lib/thumb/v7-m/nofp\libg.a(lib_a-init.o)
                              d:/arm-none-eabi/bin/../lib/gcc/arm-none-eabi/10.3.1/../../../../arm-none-eabi/lib/thumb/v7-m/nofp/crt0.o (__libc_init_array)
d:/arm-none-eabi/bin/../lib/gcc/arm-none-eabi/10.3.1/../../../../arm-none-eabi/lib/thumb/v7-m/nofp\libg.a(lib_a-memset.o)
                              d:/arm-none-eabi/bin/../lib/gcc/arm-none-eabi/10.3.1/../../../../arm-none-eabi/lib/thumb/v7-m/nofp/crt0.o (memset)
d:/arm-none-eabi/bin/../lib/gcc/arm-none-eabi/10.3.1/../../../../arm-none-eabi/lib/thumb/v7-m/nofp\libg.a(lib_a-__call_atexit.o)
                              d:/arm-none-eabi/bin/../lib/gcc/arm-none-eabi/10.3.1/../../../../arm-none-eabi/lib/thumb/v7-m/nofp\libg.a(lib_a-exit.o) (__call_exitprocs)
d:/arm-none-eabi/bin/../lib/gcc/arm-none-eabi/10.3.1/../../../../arm-none-eabi/lib/thumb/v7-m/nofp\libg.a(lib_a-atexit.o)
                              d:/arm-none-eabi/bin/../lib/gcc/arm-none-eabi/10.3.1/../../../../arm-none-eabi/lib/thumb/v7-m/nofp\libg.a(lib_a-__call_atexit.o) (atexit)
d:/arm-none-eabi/bin/../lib/gcc/arm-none-eabi/10.3.1/../../../../arm-none-eabi/lib/thumb/v7-m/nofp\libg.a(lib_a-fini.o)
                              d:/arm-none-eabi/bin/../lib/gcc/arm-none-eabi/10.3.1/../../../../arm-none-eabi/lib/thumb/v7-m/nofp\libg.a(lib_a-__call_atexit.o) (__libc_fini_array)
d:/arm-none-eabi/bin/../lib/gcc/arm-none-eabi/10.3.1/../../../../arm-none-eabi/lib/thumb/v7-m/nofp\libg.a(lib_a-lock.o)
                              d:/arm-none-eabi/bin/../lib/gcc/arm-none-eabi/10.3.1/../../../../arm-none-eabi/lib/thumb/v7-m/nofp\libg.a(lib_a-__call_atexit.o) (__retarget_lock_acquire_recursive)
d:/arm-none-eabi/bin/../lib/gcc/arm-none-eabi/10.3.1/../../../../arm-none-eabi/lib/thumb/v7-m/nofp\libg.a(lib_a-__atexit.o)
                              d:/arm-none-eabi/bin/../lib/gcc/arm-none-eabi/10.3.1/../../../../arm-none-eabi/lib/thumb/v7-m/nofp\libg.a(lib_a-atexit.o) (__register_exitproc)

Discarded input sections

 .text          0x00000000        0x0 d:/arm-none-eabi/bin/../lib/gcc/arm-none-eabi/10.3.1/thumb/v7-m/nofp/crti.o
 .data          0x00000000        0x0 d:/arm-none-eabi/bin/../lib/gcc/arm-none-eabi/10.3.1/thumb/v7-m/nofp/crti.o
 .bss           0x00000000        0x0 d:/arm-none-eabi/bin/../lib/gcc/arm-none-eabi/10.3.1/thumb/v7-m/nofp/crti.o
 .data          0x00000000        0x4 d:/arm-none-eabi/bin/../lib/gcc/arm-none-eabi/10.3.1/thumb/v7-m/nofp/crtbegin.o
 .rodata        0x00000000       0x24 d:/arm-none-eabi/bin/../lib/gcc/arm-none-eabi/10.3.1/thumb/v7-m/nofp/crtbegin.o
 .text          0x00000000       0x7c d:/arm-none-eabi/bin/../lib/gcc/arm-none-eabi/10.3.1/../../../../arm-none-eabi/lib/thumb/v7-m/nofp/crt0.o
 .data          0x00000000        0x0 d:/arm-none-eabi/bin/../lib/gcc/arm-none-eabi/10.3.1/../../../../arm-none-eabi/lib/thumb/v7-m/nofp/crt0.o
 .bss           0x00000000        0x0 d:/arm-none-eabi/bin/../lib/gcc/arm-none-eabi/10.3.1/../../../../arm-none-eabi/lib/thumb/v7-m/nofp/crt0.o
 .ARM.extab     0x00000000        0x0 d:/arm-none-eabi/bin/../lib/gcc/arm-none-eabi/10.3.1/../../../../arm-none-eabi/lib/thumb/v7-m/nofp/crt0.o
 .ARM.exidx     0x00000000       0x10 d:/arm-none-eabi/bin/../lib/gcc/arm-none-eabi/10.3.1/../../../../arm-none-eabi/lib/thumb/v7-m/nofp/crt0.o
 .ARM.attributes
                0x00000000       0x1b d:/arm-none-eabi/bin/../lib/gcc/arm-none-eabi/10.3.1/../../../../arm-none-eabi/lib/thumb/v7-m/nofp/crt0.o
 .text          0x00000000        0x0 CMakeFiles/demo.elf.dir/Core/Src/can.c.obj
 .data          0x00000000        0x0 CMakeFiles/demo.elf.dir/Core/Src/can.c.obj
 .bss           0x00000000        0x0 CMakeFiles/demo.elf.dir/Core/Src/can.c.obj
 .text.HAL_CAN_MspDeInit
                0x00000000       0x3c CMakeFiles/demo.elf.dir/Core/Src/can.c.obj
 .text          0x00000000        0x0 CMakeFiles/demo.elf.dir/Core/Src/gpio.c.obj
 .data          0x00000000        0x0 CMakeFiles/demo.elf.dir/Core/Src/gpio.c.obj
 .bss           0x00000000        0x0 CMakeFiles/demo.elf.dir/Core/Src/gpio.c.obj
[...]
Memory Configuration

Name             Origin             Length             Attributes
RAM              0x20000000         0x00005000         xrw
FLASH            0x08000000         0x00010000         xr
*default*        0x00000000         0xffffffff

Linker script and memory map

LOAD d:/arm-none-eabi/bin/../lib/gcc/arm-none-eabi/10.3.1/thumb/v7-m/nofp/crti.o
LOAD d:/arm-none-eabi/bin/../lib/gcc/arm-none-eabi/10.3.1/thumb/v7-m/nofp/crtbegin.o
LOAD d:/arm-none-eabi/bin/../lib/gcc/arm-none-eabi/10.3.1/../../../../arm-none-eabi/lib/thumb/v7-m/nofp/crt0.o
LOAD CMakeFiles/demo.elf.dir/Core/Src/can.c.obj
LOAD CMakeFiles/demo.elf.dir/Core/Src/gpio.c.obj
LOAD CMakeFiles/demo.elf.dir/Core/Src/main.c.obj
LOAD CMakeFiles/demo.elf.dir/Core/Src/stm32f1xx_hal_msp.c.obj
LOAD CMakeFiles/demo.elf.dir/Core/Src/stm32f1xx_it.c.obj
LOAD CMakeFiles/demo.elf.dir/Core/Src/syscalls.c.obj
LOAD CMakeFiles/demo.elf.dir/Core/Src/sysmem.c.obj
LOAD CMakeFiles/demo.elf.dir/Core/Src/system_stm32f1xx.c.obj
LOAD CMakeFiles/demo.elf.dir/Core/Startup/startup_stm32f103c8tx.s.obj
LOAD CMakeFiles/demo.elf.dir/Drivers/STM32F1xx_HAL_Driver/Src/stm32f1xx_hal.c.obj
LOAD CMakeFiles/demo.elf.dir/Drivers/STM32F1xx_HAL_Driver/Src/stm32f1xx_hal_can.c.obj
LOAD CMakeFiles/demo.elf.dir/Drivers/STM32F1xx_HAL_Driver/Src/stm32f1xx_hal_cortex.c.obj
LOAD CMakeFiles/demo.elf.dir/Drivers/STM32F1xx_HAL_Driver/Src/stm32f1xx_hal_dma.c.obj
LOAD CMakeFiles/demo.elf.dir/Drivers/STM32F1xx_HAL_Driver/Src/stm32f1xx_hal_exti.c.obj
LOAD CMakeFiles/demo.elf.dir/Drivers/STM32F1xx_HAL_Driver/Src/stm32f1xx_hal_flash.c.obj
LOAD CMakeFiles/demo.elf.dir/Drivers/STM32F1xx_HAL_Driver/Src/stm32f1xx_hal_flash_ex.c.obj
LOAD CMakeFiles/demo.elf.dir/Drivers/STM32F1xx_HAL_Driver/Src/stm32f1xx_hal_gpio.c.obj
LOAD CMakeFiles/demo.elf.dir/Drivers/STM32F1xx_HAL_Driver/Src/stm32f1xx_hal_gpio_ex.c.obj
LOAD CMakeFiles/demo.elf.dir/Drivers/STM32F1xx_HAL_Driver/Src/stm32f1xx_hal_pwr.c.obj
LOAD CMakeFiles/demo.elf.dir/Drivers/STM32F1xx_HAL_Driver/Src/stm32f1xx_hal_rcc.c.obj
LOAD CMakeFiles/demo.elf.dir/Drivers/STM32F1xx_HAL_Driver/Src/stm32f1xx_hal_rcc_ex.c.obj
LOAD CMakeFiles/demo.elf.dir/Drivers/STM32F1xx_HAL_Driver/Src/stm32f1xx_hal_tim.c.obj
LOAD CMakeFiles/demo.elf.dir/Drivers/STM32F1xx_HAL_Driver/Src/stm32f1xx_hal_tim_ex.c.obj
START GROUP
LOAD d:/arm-none-eabi/bin/../lib/gcc/arm-none-eabi/10.3.1/thumb/v7-m/nofp\libgcc.a
LOAD d:/arm-none-eabi/bin/../lib/gcc/arm-none-eabi/10.3.1/../../../../arm-none-eabi/lib/thumb/v7-m/nofp\libg.a
LOAD d:/arm-none-eabi/bin/../lib/gcc/arm-none-eabi/10.3.1/../../../../arm-none-eabi/lib/thumb/v7-m/nofp\libc.a
END GROUP
LOAD d:/arm-none-eabi/bin/../lib/gcc/arm-none-eabi/10.3.1/thumb/v7-m/nofp/crtend.o
LOAD d:/arm-none-eabi/bin/../lib/gcc/arm-none-eabi/10.3.1/thumb/v7-m/nofp/crtn.o
                0x20005000                _estack = (ORIGIN (RAM) + LENGTH (RAM))
                0x00000200                _Min_Heap_Size = 0x200
                0x00000400                _Min_Stack_Size = 0x400

.isr_vector     0x08000000      0x10c
                0x08000000                . = ALIGN (0x4)
 *(.isr_vector)
 .isr_vector    0x08000000      0x10c CMakeFiles/demo.elf.dir/Core/Startup/startup_stm32f103c8tx.s.obj
                0x08000000                g_pfnVectors
                0x0800010c                . = ALIGN (0x4)

.text           0x0800010c     0x11b0
                0x0800010c                . = ALIGN (0x4)
 *(.text)
 .text          0x0800010c       0x40 d:/arm-none-eabi/bin/../lib/gcc/arm-none-eabi/10.3.1/thumb/v7-m/nofp/crtbegin.o
 *(.text*)
 .text.MX_CAN_Init
                0x0800014c       0x44 CMakeFiles/demo.elf.dir/Core/Src/can.c.obj
                0x0800014c                MX_CAN_Init
 .text.HAL_CAN_MspInit
                0x08000190       0x94 CMakeFiles/demo.elf.dir/Core/Src/can.c.obj
                0x08000190                HAL_CAN_MspInit
 .text.MX_GPIO_Init
                0x08000224       0x30 CMakeFiles/demo.elf.dir/Core/Src/gpio.c.obj
                0x08000224                MX_GPIO_Init
 .text.Error_Handler
                0x08000254        0x4 CMakeFiles/demo.elf.dir/Core/Src/main.c.obj
                0x08000254                Error_Handler
 .text.SystemClock_Config
                0x08000258       0x64 CMakeFiles/demo.elf.dir/Core/Src/main.c.obj
                0x08000258                SystemClock_Config
 .text.main     0x080002bc       0x14 CMakeFiles/demo.elf.dir/Core/Src/main.c.obj
                0x080002bc                main
 .text.HAL_MspInit
                0x080002d0       0x44 CMakeFiles/demo.elf.dir/Core/Src/stm32f1xx_hal_msp.c.obj
                0x080002d0                HAL_MspInit
 .text.NMI_Handler
                0x08000314        0x2 CMakeFiles/demo.elf.dir/Core/Src/stm32f1xx_it.c.obj
                0x08000314                NMI_Handler
 .text.HardFault_Handler
                0x08000316        0x2 CMakeFiles/demo.elf.dir/Core/Src/stm32f1xx_it.c.obj
                0x08000316                HardFault_Handler
 .text.MemManage_Handler
                0x08000318        0x2 CMakeFiles/demo.elf.dir/Core/Src/stm32f1xx_it.c.obj
                0x08000318                MemManage_Handler
 .text.BusFault_Handler
                0x0800031a        0x2 CMakeFiles/demo.elf.dir/Core/Src/stm32f1xx_it.c.obj
                0x0800031a                BusFault_Handler
 .text.UsageFault_Handler
                0x0800031c        0x2 CMakeFiles/demo.elf.dir/Core/Src/stm32f1xx_it.c.obj
                0x0800031c                UsageFault_Handler
 .text.SVC_Handler
                0x0800031e        0x2 CMakeFiles/demo.elf.dir/Core/Src/stm32f1xx_it.c.obj
                0x0800031e                SVC_Handler
 .text.DebugMon_Handler
                0x08000320        0x2 CMakeFiles/demo.elf.dir/Core/Src/stm32f1xx_it.c.obj
                0x08000320                DebugMon_Handler
 .text.PendSV_Handler
                0x08000322        0x2 CMakeFiles/demo.elf.dir/Core/Src/stm32f1xx_it.c.obj
                0x08000322                PendSV_Handler
 .text.SysTick_Handler
                0x08000324        0x8 CMakeFiles/demo.elf.dir/Core/Src/stm32f1xx_it.c.obj
                0x08000324                SysTick_Handler
 .text.USB_LP_CAN1_RX0_IRQHandler
                0x0800032c       0x10 CMakeFiles/demo.elf.dir/Core/Src/stm32f1xx_it.c.obj
                0x0800032c                USB_LP_CAN1_RX0_IRQHandler
 .text.CAN1_RX1_IRQHandler
                0x0800033c       0x10 CMakeFiles/demo.elf.dir/Core/Src/stm32f1xx_it.c.obj
                0x0800033c                CAN1_RX1_IRQHandler
 .text.SystemInit
                0x0800034c        0x2 CMakeFiles/demo.elf.dir/Core/Src/system_stm32f1xx.c.obj
                0x0800034c                SystemInit
 *fill*         0x0800034e        0x2 
 .text.Reset_Handler
                0x08000350       0x48 CMakeFiles/demo.elf.dir/Core/Startup/startup_stm32f103c8tx.s.obj
                0x08000350                Reset_Handler
 .text.Default_Handler
                0x08000398        0x2 CMakeFiles/demo.elf.dir/Core/Startup/startup_stm32f103c8tx.s.obj
                0x08000398                RTC_Alarm_IRQHandler
                0x08000398                EXTI2_IRQHandler
                0x08000398                TIM1_CC_IRQHandler
                0x08000398                PVD_IRQHandler
                0x08000398                EXTI3_IRQHandler
                0x08000398                EXTI0_IRQHandler
                0x08000398                I2C2_EV_IRQHandler
                0x08000398                ADC1_2_IRQHandler
                0x08000398                SPI1_IRQHandler
                0x08000398                TAMPER_IRQHandler
                0x08000398                DMA1_Channel4_IRQHandler
                0x08000398                USART3_IRQHandler
                0x08000398                RTC_IRQHandler
                0x08000398                DMA1_Channel7_IRQHandler
                0x08000398                TIM4_IRQHandler
                0x08000398                I2C1_EV_IRQHandler
                0x08000398                DMA1_Channel6_IRQHandler
                0x08000398                TIM3_IRQHandler
                0x08000398                RCC_IRQHandler
                0x08000398                TIM1_TRG_COM_IRQHandler
                0x08000398                DMA1_Channel1_IRQHandler
                0x08000398                Default_Handler
                0x08000398                EXTI15_10_IRQHandler
                0x08000398                EXTI9_5_IRQHandler
                0x08000398                SPI2_IRQHandler
                0x08000398                DMA1_Channel5_IRQHandler
                0x08000398                EXTI4_IRQHandler
                0x08000398                USB_HP_CAN1_TX_IRQHandler
                0x08000398                DMA1_Channel3_IRQHandler
                0x08000398                TIM1_UP_IRQHandler
                0x08000398                WWDG_IRQHandler
                0x08000398                TIM2_IRQHandler
                0x08000398                TIM1_BRK_IRQHandler
                0x08000398                EXTI1_IRQHandler
                0x08000398                USART2_IRQHandler
                0x08000398                I2C2_ER_IRQHandler
                0x08000398                DMA1_Channel2_IRQHandler
                0x08000398                CAN1_SCE_IRQHandler
                0x08000398                FLASH_IRQHandler
                0x08000398                USART1_IRQHandler
                0x08000398                I2C1_ER_IRQHandler
                0x08000398                USBWakeUp_IRQHandler
 *fill*         0x0800039a        0x2 
 .text.HAL_InitTick
                0x0800039c       0x4c CMakeFiles/demo.elf.dir/Drivers/STM32F1xx_HAL_Driver/Src/stm32f1xx_hal.c.obj
                0x0800039c                HAL_InitTick
 .text.HAL_Init
                0x080003e8       0x24 CMakeFiles/demo.elf.dir/Drivers/STM32F1xx_HAL_Driver/Src/stm32f1xx_hal.c.obj
                0x080003e8                HAL_Init
 .text.HAL_IncTick
                0x0800040c       0x18 CMakeFiles/demo.elf.dir/Drivers/STM32F1xx_HAL_Driver/Src/stm32f1xx_hal.c.obj
                0x0800040c                HAL_IncTick
 .text.HAL_GetTick
                0x08000424        0xc CMakeFiles/demo.elf.dir/Drivers/STM32F1xx_HAL_Driver/Src/stm32f1xx_hal.c.obj
                0x08000424                HAL_GetTick
 .text.HAL_CAN_Init
                0x08000430      0x14c CMakeFiles/demo.elf.dir/Drivers/STM32F1xx_HAL_Driver/Src/stm32f1xx_hal_can.c.obj
                0x08000430                HAL_CAN_Init
 .text.HAL_CAN_TxMailbox0CompleteCallback
                0x0800057c        0x2 CMakeFiles/demo.elf.dir/Drivers/STM32F1xx_HAL_Driver/Src/stm32f1xx_hal_can.c.obj
                0x0800057c                HAL_CAN_TxMailbox0CompleteCallback
 .text.HAL_CAN_TxMailbox1CompleteCallback
                0x0800057e        0x2 CMakeFiles/demo.elf.dir/Drivers/STM32F1xx_HAL_Driver/Src/stm32f1xx_hal_can.c.obj
                0x0800057e                HAL_CAN_TxMailbox1CompleteCallback
 .text.HAL_CAN_TxMailbox2CompleteCallback
                0x08000580        0x2 CMakeFiles/demo.elf.dir/Drivers/STM32F1xx_HAL_Driver/Src/stm32f1xx_hal_can.c.obj
                0x08000580                HAL_CAN_TxMailbox2CompleteCallback
 .text.HAL_CAN_TxMailbox0AbortCallback
                0x08000582        0x2 CMakeFiles/demo.elf.dir/Drivers/STM32F1xx_HAL_Driver/Src/stm32f1xx_hal_can.c.obj
                0x08000582                HAL_CAN_TxMailbox0AbortCallback
 .text.HAL_CAN_TxMailbox1AbortCallback
                0x08000584        0x2 CMakeFiles/demo.elf.dir/Drivers/STM32F1xx_HAL_Driver/Src/stm32f1xx_hal_can.c.obj
                0x08000584                HAL_CAN_TxMailbox1AbortCallback
 .text.HAL_CAN_TxMailbox2AbortCallback
                0x08000586        0x2 CMakeFiles/demo.elf.dir/Drivers/STM32F1xx_HAL_Driver/Src/stm32f1xx_hal_can.c.obj
                0x08000586                HAL_CAN_TxMailbox2AbortCallback
 .text.HAL_CAN_RxFifo0MsgPendingCallback
                0x08000588        0x2 CMakeFiles/demo.elf.dir/Drivers/STM32F1xx_HAL_Driver/Src/stm32f1xx_hal_can.c.obj
                0x08000588                HAL_CAN_RxFifo0MsgPendingCallback
 .text.HAL_CAN_RxFifo0FullCallback
                0x0800058a        0x2 CMakeFiles/demo.elf.dir/Drivers/STM32F1xx_HAL_Driver/Src/stm32f1xx_hal_can.c.obj
                0x0800058a                HAL_CAN_RxFifo0FullCallback
 .text.HAL_CAN_RxFifo1MsgPendingCallback
                0x0800058c        0x2 CMakeFiles/demo.elf.dir/Drivers/STM32F1xx_HAL_Driver/Src/stm32f1xx_hal_can.c.obj
                0x0800058c                HAL_CAN_RxFifo1MsgPendingCallback
 .text.HAL_CAN_RxFifo1FullCallback
                0x0800058e        0x2 CMakeFiles/demo.elf.dir/Drivers/STM32F1xx_HAL_Driver/Src/stm32f1xx_hal_can.c.obj
                0x0800058e                HAL_CAN_RxFifo1FullCallback
 .text.HAL_CAN_SleepCallback
                0x08000590        0x2 CMakeFiles/demo.elf.dir/Drivers/STM32F1xx_HAL_Driver/Src/stm32f1xx_hal_can.c.obj
                0x08000590                HAL_CAN_SleepCallback
 .text.HAL_CAN_WakeUpFromRxMsgCallback
                0x08000592        0x2 CMakeFiles/demo.elf.dir/Drivers/STM32F1xx_HAL_Driver/Src/stm32f1xx_hal_can.c.obj
                0x08000592                HAL_CAN_WakeUpFromRxMsgCallback
 .text.HAL_CAN_ErrorCallback
                0x08000594        0x2 CMakeFiles/demo.elf.dir/Drivers/STM32F1xx_HAL_Driver/Src/stm32f1xx_hal_can.c.obj
                0x08000594                HAL_CAN_ErrorCallback
 .text.HAL_CAN_IRQHandler
                0x08000596      0x24a CMakeFiles/demo.elf.dir/Drivers/STM32F1xx_HAL_Driver/Src/stm32f1xx_hal_can.c.obj
                0x08000596                HAL_CAN_IRQHandler
 .text.HAL_NVIC_SetPriorityGrouping
                0x080007e0       0x24 CMakeFiles/demo.elf.dir/Drivers/STM32F1xx_HAL_Driver/Src/stm32f1xx_hal_cortex.c.obj
                0x080007e0                HAL_NVIC_SetPriorityGrouping
 .text.HAL_NVIC_SetPriority
                0x08000804       0x70 CMakeFiles/demo.elf.dir/Drivers/STM32F1xx_HAL_Driver/Src/stm32f1xx_hal_cortex.c.obj
                0x08000804                HAL_NVIC_SetPriority
 .text.HAL_NVIC_EnableIRQ
                0x08000874       0x1c CMakeFiles/demo.elf.dir/Drivers/STM32F1xx_HAL_Driver/Src/stm32f1xx_hal_cortex.c.obj
                0x08000874                HAL_NVIC_EnableIRQ
 .text.HAL_SYSTICK_Config
                0x08000890       0x28 CMakeFiles/demo.elf.dir/Drivers/STM32F1xx_HAL_Driver/Src/stm32f1xx_hal_cortex.c.obj
                0x08000890                HAL_SYSTICK_Config
 .text.HAL_GPIO_Init
                0x080008b8      0x224 CMakeFiles/demo.elf.dir/Drivers/STM32F1xx_HAL_Driver/Src/stm32f1xx_hal_gpio.c.obj
                0x080008b8                HAL_GPIO_Init
 .text.RCC_Delay
                0x08000adc       0x2c CMakeFiles/demo.elf.dir/Drivers/STM32F1xx_HAL_Driver/Src/stm32f1xx_hal_rcc.c.obj
 .text.HAL_RCC_OscConfig
                0x08000b08      0x410 CMakeFiles/demo.elf.dir/Drivers/STM32F1xx_HAL_Driver/Src/stm32f1xx_hal_rcc.c.obj
                0x08000b08                HAL_RCC_OscConfig
 .text.HAL_RCC_GetSysClockFreq
                0x08000f18       0x54 CMakeFiles/demo.elf.dir/Drivers/STM32F1xx_HAL_Driver/Src/stm32f1xx_hal_rcc.c.obj
                0x08000f18                HAL_RCC_GetSysClockFreq
 .text.HAL_RCC_ClockConfig
                0x08000f6c      0x16c CMakeFiles/demo.elf.dir/Drivers/STM32F1xx_HAL_Driver/Src/stm32f1xx_hal_rcc.c.obj
                0x08000f6c                HAL_RCC_ClockConfig
 .text.__libc_init_array
                0x080010d8       0x48 d:/arm-none-eabi/bin/../lib/gcc/arm-none-eabi/10.3.1/../../../../arm-none-eabi/lib/thumb/v7-m/nofp\libg.a(lib_a-init.o)
                0x080010d8                __libc_init_array
 .text.memset   0x08001120       0xa4 d:/arm-none-eabi/bin/../lib/gcc/arm-none-eabi/10.3.1/../../../../arm-none-eabi/lib/thumb/v7-m/nofp\libg.a(lib_a-memset.o)
                0x08001120                memset
 .text.startup.register_fini
                0x080011c4       0x14 d:/arm-none-eabi/bin/../lib/gcc/arm-none-eabi/10.3.1/../../../../arm-none-eabi/lib/thumb/v7-m/nofp\libg.a(lib_a-__call_atexit.o)
 .text.atexit   0x080011d8        0xc d:/arm-none-eabi/bin/../lib/gcc/arm-none-eabi/10.3.1/../../../../arm-none-eabi/lib/thumb/v7-m/nofp\libg.a(lib_a-atexit.o)
                0x080011d8                atexit
 .text.__libc_fini_array
                0x080011e4       0x2c d:/arm-none-eabi/bin/../lib/gcc/arm-none-eabi/10.3.1/../../../../arm-none-eabi/lib/thumb/v7-m/nofp\libg.a(lib_a-fini.o)
                0x080011e4                __libc_fini_array
 .text.__retarget_lock_acquire_recursive
                0x08001210        0x4 d:/arm-none-eabi/bin/../lib/gcc/arm-none-eabi/10.3.1/../../../../arm-none-eabi/lib/thumb/v7-m/nofp\libg.a(lib_a-lock.o)
                0x08001210                __retarget_lock_acquire_recursive
 .text.__retarget_lock_release_recursive
                0x08001214        0x4 d:/arm-none-eabi/bin/../lib/gcc/arm-none-eabi/10.3.1/../../../../arm-none-eabi/lib/thumb/v7-m/nofp\libg.a(lib_a-lock.o)
                0x08001214                __retarget_lock_release_recursive
 .text.__register_exitproc
                0x08001218       0x8c d:/arm-none-eabi/bin/../lib/gcc/arm-none-eabi/10.3.1/../../../../arm-none-eabi/lib/thumb/v7-m/nofp\libg.a(lib_a-__atexit.o)
                0x08001218                __register_exitproc
 *(.glue_7)
 .glue_7        0x080012a4        0x0 linker stubs
 *(.glue_7t)
 .glue_7t       0x080012a4        0x0 linker stubs
 *(.eh_frame)
 .eh_frame      0x080012a4        0x0 d:/arm-none-eabi/bin/../lib/gcc/arm-none-eabi/10.3.1/thumb/v7-m/nofp/crtbegin.o
 *(.init)
 .init          0x080012a4        0x4 d:/arm-none-eabi/bin/../lib/gcc/arm-none-eabi/10.3.1/thumb/v7-m/nofp/crti.o
                0x080012a4                _init
 .init          0x080012a8        0x8 d:/arm-none-eabi/bin/../lib/gcc/arm-none-eabi/10.3.1/thumb/v7-m/nofp/crtn.o
 *(.fini)
 .fini          0x080012b0        0x4 d:/arm-none-eabi/bin/../lib/gcc/arm-none-eabi/10.3.1/thumb/v7-m/nofp/crti.o
                0x080012b0                _fini
 .fini          0x080012b4        0x8 d:/arm-none-eabi/bin/../lib/gcc/arm-none-eabi/10.3.1/thumb/v7-m/nofp/crtn.o
                0x080012bc                . = ALIGN (0x4)
                0x080012bc                _etext = .

.vfp11_veneer   0x080012bc        0x0
 .vfp11_veneer  0x080012bc        0x0 linker stubs

.v4_bx          0x080012bc        0x0
 .v4_bx         0x080012bc        0x0 linker stubs

.iplt           0x080012bc        0x0
 .iplt          0x080012bc        0x0 d:/arm-none-eabi/bin/../lib/gcc/arm-none-eabi/10.3.1/thumb/v7-m/nofp/crtbegin.o

.rodata         0x080012bc       0x28
                0x080012bc                . = ALIGN (0x4)
 *(.rodata)
 *(.rodata*)
 .rodata.AHBPrescTable
                0x080012bc       0x10 CMakeFiles/demo.elf.dir/Core/Src/system_stm32f1xx.c.obj
                0x080012bc                AHBPrescTable
 .rodata.aPLLMULFactorTable.1
                0x080012cc       0x10 CMakeFiles/demo.elf.dir/Drivers/STM32F1xx_HAL_Driver/Src/stm32f1xx_hal_rcc.c.obj
 .rodata.aPredivFactorTable.0
                0x080012dc        0x2 CMakeFiles/demo.elf.dir/Drivers/STM32F1xx_HAL_Driver/Src/stm32f1xx_hal_rcc.c.obj
 *fill*         0x080012de        0x2 
 .rodata._global_impure_ptr
                0x080012e0        0x4 d:/arm-none-eabi/bin/../lib/gcc/arm-none-eabi/10.3.1/../../../../arm-none-eabi/lib/thumb/v7-m/nofp\libg.a(lib_a-impure.o)
                0x080012e0                _global_impure_ptr
                0x080012e4                . = ALIGN (0x4)

.rel.dyn        0x080012e4        0x0
 .rel.iplt      0x080012e4        0x0 d:/arm-none-eabi/bin/../lib/gcc/arm-none-eabi/10.3.1/thumb/v7-m/nofp/crtbegin.o

.ARM.extab      0x080012e4        0x0
                0x080012e4                . = ALIGN (0x4)
 *(.ARM.extab* .gnu.linkonce.armextab.*)
                0x080012e4                . = ALIGN (0x4)

.ARM            0x080012e4        0x0
                0x080012e4                . = ALIGN (0x4)
                0x080012e4                __exidx_start = .
 *(.ARM.exidx*)
                0x080012e4                __exidx_end = .
                0x080012e4                . = ALIGN (0x4)

.preinit_array  0x080012e4        0x0
                0x080012e4                . = ALIGN (0x4)
                0x080012e4                PROVIDE (__preinit_array_start = .)
 *(.preinit_array*)
                0x080012e4                PROVIDE (__preinit_array_end = .)
                0x080012e4                . = ALIGN (0x4)

.init_array     0x080012e4        0x8
                0x080012e4                . = ALIGN (0x4)
                0x080012e4                PROVIDE (__init_array_start = .)
 *(SORT_BY_NAME(.init_array.*))
 .init_array.00000
                0x080012e4        0x4 d:/arm-none-eabi/bin/../lib/gcc/arm-none-eabi/10.3.1/../../../../arm-none-eabi/lib/thumb/v7-m/nofp\libg.a(lib_a-__call_atexit.o)
 *(.init_array*)
 .init_array    0x080012e8        0x4 d:/arm-none-eabi/bin/../lib/gcc/arm-none-eabi/10.3.1/thumb/v7-m/nofp/crtbegin.o
                0x080012ec                PROVIDE (__init_array_end = .)
                0x080012ec                . = ALIGN (0x4)

.fini_array     0x080012ec        0x4
                0x080012ec                . = ALIGN (0x4)
                0x080012ec                PROVIDE (__fini_array_start = .)
 *(SORT_BY_NAME(.fini_array.*))
 *(.fini_array*)
 .fini_array    0x080012ec        0x4 d:/arm-none-eabi/bin/../lib/gcc/arm-none-eabi/10.3.1/thumb/v7-m/nofp/crtbegin.o
                0x080012f0                PROVIDE (__fini_array_end = .)
                0x080012f0                . = ALIGN (0x4)
                0x080012f0                _sidata = LOADADDR (.data)

.data           0x20000000      0x43c load address 0x080012f0
                0x20000000                . = ALIGN (0x4)
                0x20000000                _sdata = .
 *(.data)
 *(.data*)
 .data.SystemCoreClock
                0x20000000        0x4 CMakeFiles/demo.elf.dir/Core/Src/system_stm32f1xx.c.obj
                0x20000000                SystemCoreClock
 .data.uwTickFreq
                0x20000004        0x1 CMakeFiles/demo.elf.dir/Drivers/STM32F1xx_HAL_Driver/Src/stm32f1xx_hal.c.obj
                0x20000004                uwTickFreq
 *fill*         0x20000005        0x3 
 .data.uwTickPrio
                0x20000008        0x4 CMakeFiles/demo.elf.dir/Drivers/STM32F1xx_HAL_Driver/Src/stm32f1xx_hal.c.obj
                0x20000008                uwTickPrio
 *fill*         0x2000000c        0x4 
 .data.impure_data
                0x20000010      0x428 d:/arm-none-eabi/bin/../lib/gcc/arm-none-eabi/10.3.1/../../../../arm-none-eabi/lib/thumb/v7-m/nofp\libg.a(lib_a-impure.o)
 .data.__atexit_recursive_mutex
                0x20000438        0x4 d:/arm-none-eabi/bin/../lib/gcc/arm-none-eabi/10.3.1/../../../../arm-none-eabi/lib/thumb/v7-m/nofp\libg.a(lib_a-__call_atexit.o)
                0x20000438                __atexit_recursive_mutex
 *(.RamFunc)
 *(.RamFunc*)
                0x2000043c                . = ALIGN (0x4)
                0x2000043c                _edata = .

.igot.plt       0x2000043c        0x0 load address 0x0800172c
 .igot.plt      0x2000043c        0x0 d:/arm-none-eabi/bin/../lib/gcc/arm-none-eabi/10.3.1/thumb/v7-m/nofp/crtbegin.o
                0x2000043c                . = ALIGN (0x4)

.bss            0x2000043c       0x4c load address 0x0800172c
                0x2000043c                _sbss = .
                0x2000043c                __bss_start__ = _sbss
 *(.bss)
 .bss           0x2000043c       0x1c d:/arm-none-eabi/bin/../lib/gcc/arm-none-eabi/10.3.1/thumb/v7-m/nofp/crtbegin.o
 *(.bss*)
 .bss.hcan      0x20000458       0x28 CMakeFiles/demo.elf.dir/Core/Src/can.c.obj
                0x20000458                hcan
 .bss.uwTick    0x20000480        0x4 CMakeFiles/demo.elf.dir/Drivers/STM32F1xx_HAL_Driver/Src/stm32f1xx_hal.c.obj
                0x20000480                uwTick
 .bss.__lock___atexit_recursive_mutex
                0x20000484        0x1 d:/arm-none-eabi/bin/../lib/gcc/arm-none-eabi/10.3.1/../../../../arm-none-eabi/lib/thumb/v7-m/nofp\libg.a(lib_a-lock.o)
                0x20000484                __lock___atexit_recursive_mutex
 *(COMMON)
                0x20000488                . = ALIGN (0x4)
 *fill*         0x20000485        0x3 
                0x20000488                _ebss = .
                0x20000488                __bss_end__ = _ebss

._user_heap_stack
                0x20000488      0x600 load address 0x0800172c
                0x20000488                . = ALIGN (0x8)
                [!provide]                PROVIDE (end = .)
                0x20000488                PROVIDE (_end = .)
                0x20000688                . = (. + _Min_Heap_Size)
 *fill*         0x20000488      0x200 
                0x20000a88                . = (. + _Min_Stack_Size)
 *fill*         0x20000688      0x400 
                0x20000a88                . = ALIGN (0x8)

/DISCARD/
 libc.a(*)
 libm.a(*)
 libgcc.a(*)

.ARM.attributes
                0x00000000       0x29
 *(.ARM.attributes)
 .ARM.attributes
                0x00000000       0x1d d:/arm-none-eabi/bin/../lib/gcc/arm-none-eabi/10.3.1/thumb/v7-m/nofp/crti.o
 .ARM.attributes
                0x0000001d       0x2d d:/arm-none-eabi/bin/../lib/gcc/arm-none-eabi/10.3.1/thumb/v7-m/nofp/crtbegin.o
 .ARM.attributes
                0x0000004a       0x2d CMakeFiles/demo.elf.dir/Core/Src/can.c.obj
 .ARM.attributes
                0x00000077       0x2d CMakeFiles/demo.elf.dir/Core/Src/gpio.c.obj
 .ARM.attributes
                0x000000a4       0x2d CMakeFiles/demo.elf.dir/Core/Src/main.c.obj
 .ARM.attributes
                0x000000d1       0x2d CMakeFiles/demo.elf.dir/Core/Src/stm32f1xx_hal_msp.c.obj
 .ARM.attributes
                0x000000fe       0x2d CMakeFiles/demo.elf.dir/Core/Src/stm32f1xx_it.c.obj
 .ARM.attributes
                0x0000012b       0x2d CMakeFiles/demo.elf.dir/Core/Src/system_stm32f1xx.c.obj
 .ARM.attributes
                0x00000158       0x21 CMakeFiles/demo.elf.dir/Core/Startup/startup_stm32f103c8tx.s.obj
 .ARM.attributes
                0x00000179       0x2d CMakeFiles/demo.elf.dir/Drivers/STM32F1xx_HAL_Driver/Src/stm32f1xx_hal.c.obj
 .ARM.attributes
                0x000001a6       0x2d CMakeFiles/demo.elf.dir/Drivers/STM32F1xx_HAL_Driver/Src/stm32f1xx_hal_can.c.obj
 .ARM.attributes
                0x000001d3       0x2d CMakeFiles/demo.elf.dir/Drivers/STM32F1xx_HAL_Driver/Src/stm32f1xx_hal_cortex.c.obj
 .ARM.attributes
                0x00000200       0x2d CMakeFiles/demo.elf.dir/Drivers/STM32F1xx_HAL_Driver/Src/stm32f1xx_hal_gpio.c.obj
 .ARM.attributes
                0x0000022d       0x2d CMakeFiles/demo.elf.dir/Drivers/STM32F1xx_HAL_Driver/Src/stm32f1xx_hal_rcc.c.obj
 .ARM.attributes
                0x0000025a       0x2d d:/arm-none-eabi/bin/../lib/gcc/arm-none-eabi/10.3.1/../../../../arm-none-eabi/lib/thumb/v7-m/nofp\libg.a(lib_a-impure.o)
 .ARM.attributes
                0x00000287       0x2d d:/arm-none-eabi/bin/../lib/gcc/arm-none-eabi/10.3.1/../../../../arm-none-eabi/lib/thumb/v7-m/nofp\libg.a(lib_a-init.o)
 .ARM.attributes
                0x000002b4       0x2d d:/arm-none-eabi/bin/../lib/gcc/arm-none-eabi/10.3.1/../../../../arm-none-eabi/lib/thumb/v7-m/nofp\libg.a(lib_a-memset.o)
 .ARM.attributes
                0x000002e1       0x2d d:/arm-none-eabi/bin/../lib/gcc/arm-none-eabi/10.3.1/../../../../arm-none-eabi/lib/thumb/v7-m/nofp\libg.a(lib_a-__call_atexit.o)
 .ARM.attributes
                0x0000030e       0x2d d:/arm-none-eabi/bin/../lib/gcc/arm-none-eabi/10.3.1/../../../../arm-none-eabi/lib/thumb/v7-m/nofp\libg.a(lib_a-atexit.o)
 .ARM.attributes
                0x0000033b       0x2d d:/arm-none-eabi/bin/../lib/gcc/arm-none-eabi/10.3.1/../../../../arm-none-eabi/lib/thumb/v7-m/nofp\libg.a(lib_a-fini.o)
 .ARM.attributes
                0x00000368       0x2d d:/arm-none-eabi/bin/../lib/gcc/arm-none-eabi/10.3.1/../../../../arm-none-eabi/lib/thumb/v7-m/nofp\libg.a(lib_a-lock.o)
 .ARM.attributes
                0x00000395       0x2d d:/arm-none-eabi/bin/../lib/gcc/arm-none-eabi/10.3.1/../../../../arm-none-eabi/lib/thumb/v7-m/nofp\libg.a(lib_a-__atexit.o)
 .ARM.attributes
                0x000003c2       0x1d d:/arm-none-eabi/bin/../lib/gcc/arm-none-eabi/10.3.1/thumb/v7-m/nofp/crtn.o
OUTPUT(demo.elf elf32-littlearm)
LOAD linker stubs
LOAD d:/arm-none-eabi/bin/../lib/gcc/arm-none-eabi/10.3.1/../../../../arm-none-eabi/lib/thumb/v7-m/nofp\libc.a
LOAD d:/arm-none-eabi/bin/../lib/gcc/arm-none-eabi/10.3.1/../../../../arm-none-eabi/lib/thumb/v7-m/nofp\libm.a
LOAD d:/arm-none-eabi/bin/../lib/gcc/arm-none-eabi/10.3.1/thumb/v7-m/nofp\libgcc.a

.debug_info     0x00000000     0x502a
 .debug_info    0x00000000      0x966 CMakeFiles/demo.elf.dir/Core/Src/can.c.obj
 .debug_info    0x00000966      0x17c CMakeFiles/demo.elf.dir/Core/Src/gpio.c.obj
 .debug_info    0x00000ae2      0x318 CMakeFiles/demo.elf.dir/Core/Src/main.c.obj
 .debug_info    0x00000dfa      0x211 CMakeFiles/demo.elf.dir/Core/Src/stm32f1xx_hal_msp.c.obj
 .debug_info    0x0000100b      0x571 CMakeFiles/demo.elf.dir/Core/Src/stm32f1xx_it.c.obj
 .debug_info    0x0000157c      0x248 CMakeFiles/demo.elf.dir/Core/Src/system_stm32f1xx.c.obj
 .debug_info    0x000017c4       0x22 CMakeFiles/demo.elf.dir/Core/Startup/startup_stm32f103c8tx.s.obj
 .debug_info    0x000017e6      0x7a8 CMakeFiles/demo.elf.dir/Drivers/STM32F1xx_HAL_Driver/Src/stm32f1xx_hal.c.obj
 .debug_info    0x00001f8e     0x1268 CMakeFiles/demo.elf.dir/Drivers/STM32F1xx_HAL_Driver/Src/stm32f1xx_hal_can.c.obj
 .debug_info    0x000031f6      0xd8a CMakeFiles/demo.elf.dir/Drivers/STM32F1xx_HAL_Driver/Src/stm32f1xx_hal_cortex.c.obj
 .debug_info    0x00003f80      0x66f CMakeFiles/demo.elf.dir/Drivers/STM32F1xx_HAL_Driver/Src/stm32f1xx_hal_gpio.c.obj
 .debug_info    0x000045ef      0xa3b CMakeFiles/demo.elf.dir/Drivers/STM32F1xx_HAL_Driver/Src/stm32f1xx_hal_rcc.c.obj

.debug_abbrev   0x00000000     0x137c
 .debug_abbrev  0x00000000      0x1f6 CMakeFiles/demo.elf.dir/Core/Src/can.c.obj
 .debug_abbrev  0x000001f6       0xbf CMakeFiles/demo.elf.dir/Core/Src/gpio.c.obj
 .debug_abbrev  0x000002b5      0x162 CMakeFiles/demo.elf.dir/Core/Src/main.c.obj
 .debug_abbrev  0x00000417       0xe5 CMakeFiles/demo.elf.dir/Core/Src/stm32f1xx_hal_msp.c.obj
 .debug_abbrev  0x000004fc      0x160 CMakeFiles/demo.elf.dir/Core/Src/stm32f1xx_it.c.obj
 .debug_abbrev  0x0000065c      0x13e CMakeFiles/demo.elf.dir/Core/Src/system_stm32f1xx.c.obj
 .debug_abbrev  0x0000079a       0x12 CMakeFiles/demo.elf.dir/Core/Startup/startup_stm32f103c8tx.s.obj
 .debug_abbrev  0x000007ac      0x1f4 CMakeFiles/demo.elf.dir/Drivers/STM32F1xx_HAL_Driver/Src/stm32f1xx_hal.c.obj
 .debug_abbrev  0x000009a0      0x23b CMakeFiles/demo.elf.dir/Drivers/STM32F1xx_HAL_Driver/Src/stm32f1xx_hal_can.c.obj
 .debug_abbrev  0x00000bdb      0x341 CMakeFiles/demo.elf.dir/Drivers/STM32F1xx_HAL_Driver/Src/stm32f1xx_hal_cortex.c.obj
 .debug_abbrev  0x00000f1c      0x1e6 CMakeFiles/demo.elf.dir/Drivers/STM32F1xx_HAL_Driver/Src/stm32f1xx_hal_gpio.c.obj
 .debug_abbrev  0x00001102      0x27a CMakeFiles/demo.elf.dir/Drivers/STM32F1xx_HAL_Driver/Src/stm32f1xx_hal_rcc.c.obj

.debug_loc      0x00000000     0x2209
 .debug_loc     0x00000000       0x84 CMakeFiles/demo.elf.dir/Core/Src/can.c.obj
 .debug_loc     0x00000084       0x15 CMakeFiles/demo.elf.dir/Core/Src/stm32f1xx_hal_msp.c.obj
 .debug_loc     0x00000099       0xff CMakeFiles/demo.elf.dir/Core/Src/system_stm32f1xx.c.obj
 .debug_loc     0x00000198      0x141 CMakeFiles/demo.elf.dir/Drivers/STM32F1xx_HAL_Driver/Src/stm32f1xx_hal.c.obj
 .debug_loc     0x000002d9      0xd7c CMakeFiles/demo.elf.dir/Drivers/STM32F1xx_HAL_Driver/Src/stm32f1xx_hal_can.c.obj
 .debug_loc     0x00001055      0x71f CMakeFiles/demo.elf.dir/Drivers/STM32F1xx_HAL_Driver/Src/stm32f1xx_hal_cortex.c.obj
 .debug_loc     0x00001774      0x47d CMakeFiles/demo.elf.dir/Drivers/STM32F1xx_HAL_Driver/Src/stm32f1xx_hal_gpio.c.obj
 .debug_loc     0x00001bf1      0x618 CMakeFiles/demo.elf.dir/Drivers/STM32F1xx_HAL_Driver/Src/stm32f1xx_hal_rcc.c.obj

.debug_aranges  0x00000000      0x4f0
 .debug_aranges
                0x00000000       0x30 CMakeFiles/demo.elf.dir/Core/Src/can.c.obj
 .debug_aranges
                0x00000030       0x20 CMakeFiles/demo.elf.dir/Core/Src/gpio.c.obj
 .debug_aranges
                0x00000050       0x30 CMakeFiles/demo.elf.dir/Core/Src/main.c.obj
 .debug_aranges
                0x00000080       0x20 CMakeFiles/demo.elf.dir/Core/Src/stm32f1xx_hal_msp.c.obj
 .debug_aranges
                0x000000a0       0x70 CMakeFiles/demo.elf.dir/Core/Src/stm32f1xx_it.c.obj
 .debug_aranges
                0x00000110       0x28 CMakeFiles/demo.elf.dir/Core/Src/system_stm32f1xx.c.obj
 .debug_aranges
                0x00000138       0x28 CMakeFiles/demo.elf.dir/Core/Startup/startup_stm32f103c8tx.s.obj
 .debug_aranges
                0x00000160       0xe0 CMakeFiles/demo.elf.dir/Drivers/STM32F1xx_HAL_Driver/Src/stm32f1xx_hal.c.obj
 .debug_aranges
                0x00000240      0x138 CMakeFiles/demo.elf.dir/Drivers/STM32F1xx_HAL_Driver/Src/stm32f1xx_hal_can.c.obj
 .debug_aranges
                0x00000378       0x90 CMakeFiles/demo.elf.dir/Drivers/STM32F1xx_HAL_Driver/Src/stm32f1xx_hal_cortex.c.obj
 .debug_aranges
                0x00000408       0x58 CMakeFiles/demo.elf.dir/Drivers/STM32F1xx_HAL_Driver/Src/stm32f1xx_hal_gpio.c.obj
 .debug_aranges
                0x00000460       0x90 CMakeFiles/demo.elf.dir/Drivers/STM32F1xx_HAL_Driver/Src/stm32f1xx_hal_rcc.c.obj

.debug_ranges   0x00000000      0x4b8
 .debug_ranges  0x00000000       0x20 CMakeFiles/demo.elf.dir/Core/Src/can.c.obj
 .debug_ranges  0x00000020       0x10 CMakeFiles/demo.elf.dir/Core/Src/gpio.c.obj
 .debug_ranges  0x00000030       0x20 CMakeFiles/demo.elf.dir/Core/Src/main.c.obj
 .debug_ranges  0x00000050       0x10 CMakeFiles/demo.elf.dir/Core/Src/stm32f1xx_hal_msp.c.obj
 .debug_ranges  0x00000060       0x60 CMakeFiles/demo.elf.dir/Core/Src/stm32f1xx_it.c.obj
 .debug_ranges  0x000000c0       0x18 CMakeFiles/demo.elf.dir/Core/Src/system_stm32f1xx.c.obj
 .debug_ranges  0x000000d8       0x20 CMakeFiles/demo.elf.dir/Core/Startup/startup_stm32f103c8tx.s.obj
 .debug_ranges  0x000000f8       0xd0 CMakeFiles/demo.elf.dir/Drivers/STM32F1xx_HAL_Driver/Src/stm32f1xx_hal.c.obj
 .debug_ranges  0x000001c8      0x128 CMakeFiles/demo.elf.dir/Drivers/STM32F1xx_HAL_Driver/Src/stm32f1xx_hal_can.c.obj
 .debug_ranges  0x000002f0       0xe0 CMakeFiles/demo.elf.dir/Drivers/STM32F1xx_HAL_Driver/Src/stm32f1xx_hal_cortex.c.obj
 .debug_ranges  0x000003d0       0x48 CMakeFiles/demo.elf.dir/Drivers/STM32F1xx_HAL_Driver/Src/stm32f1xx_hal_gpio.c.obj
 .debug_ranges  0x00000418       0xa0 CMakeFiles/demo.elf.dir/Drivers/STM32F1xx_HAL_Driver/Src/stm32f1xx_hal_rcc.c.obj

.debug_line     0x00000000     0x3cfc
 .debug_line    0x00000000      0x336 CMakeFiles/demo.elf.dir/Core/Src/can.c.obj
 .debug_line    0x00000336      0x147 CMakeFiles/demo.elf.dir/Core/Src/gpio.c.obj
 .debug_line    0x0000047d      0x2eb CMakeFiles/demo.elf.dir/Core/Src/main.c.obj
 .debug_line    0x00000768      0x15b CMakeFiles/demo.elf.dir/Core/Src/stm32f1xx_hal_msp.c.obj
 .debug_line    0x000008c3      0x2e4 CMakeFiles/demo.elf.dir/Core/Src/stm32f1xx_it.c.obj
 .debug_line    0x00000ba7      0x224 CMakeFiles/demo.elf.dir/Core/Src/system_stm32f1xx.c.obj
 .debug_line    0x00000dcb       0xa2 CMakeFiles/demo.elf.dir/Core/Startup/startup_stm32f103c8tx.s.obj
 .debug_line    0x00000e6d      0x54a CMakeFiles/demo.elf.dir/Drivers/STM32F1xx_HAL_Driver/Src/stm32f1xx_hal.c.obj
 .debug_line    0x000013b7     0x1116 CMakeFiles/demo.elf.dir/Drivers/STM32F1xx_HAL_Driver/Src/stm32f1xx_hal_can.c.obj
 .debug_line    0x000024cd      0x636 CMakeFiles/demo.elf.dir/Drivers/STM32F1xx_HAL_Driver/Src/stm32f1xx_hal_cortex.c.obj
 .debug_line    0x00002b03      0x5de CMakeFiles/demo.elf.dir/Drivers/STM32F1xx_HAL_Driver/Src/stm32f1xx_hal_gpio.c.obj
 .debug_line    0x000030e1      0xc1b CMakeFiles/demo.elf.dir/Drivers/STM32F1xx_HAL_Driver/Src/stm32f1xx_hal_rcc.c.obj

.debug_str      0x00000000     0x1c27
 .debug_str     0x00000000      0x848 CMakeFiles/demo.elf.dir/Core/Src/can.c.obj
                                0x8a3 (size before relaxing)
 .debug_str     0x00000848       0x3c CMakeFiles/demo.elf.dir/Core/Src/gpio.c.obj
                                0x227 (size before relaxing)
 .debug_str     0x00000884      0x1a5 CMakeFiles/demo.elf.dir/Core/Src/main.c.obj
                                0x39e (size before relaxing)
 .debug_str     0x00000a29       0x6c CMakeFiles/demo.elf.dir/Core/Src/stm32f1xx_hal_msp.c.obj
                                0x261 (size before relaxing)
 .debug_str     0x00000a95      0x115 CMakeFiles/demo.elf.dir/Core/Src/stm32f1xx_it.c.obj
                                0x545 (size before relaxing)
 .debug_str     0x00000baa       0xa4 CMakeFiles/demo.elf.dir/Core/Src/system_stm32f1xx.c.obj
                                0x296 (size before relaxing)
 .debug_str     0x00000c4e       0x52 CMakeFiles/demo.elf.dir/Core/Startup/startup_stm32f103c8tx.s.obj
                                 0x8f (size before relaxing)
 .debug_str     0x00000ca0      0x32a CMakeFiles/demo.elf.dir/Drivers/STM32F1xx_HAL_Driver/Src/stm32f1xx_hal.c.obj
                                0x866 (size before relaxing)
 .debug_str     0x00000fca      0x566 CMakeFiles/demo.elf.dir/Drivers/STM32F1xx_HAL_Driver/Src/stm32f1xx_hal_can.c.obj
                                0xa64 (size before relaxing)
 .debug_str     0x00001530      0x392 CMakeFiles/demo.elf.dir/Drivers/STM32F1xx_HAL_Driver/Src/stm32f1xx_hal_cortex.c.obj
                                0x915 (size before relaxing)
 .debug_str     0x000018c2      0x164 CMakeFiles/demo.elf.dir/Drivers/STM32F1xx_HAL_Driver/Src/stm32f1xx_hal_gpio.c.obj
                                0x442 (size before relaxing)
 .debug_str     0x00001a26      0x201 CMakeFiles/demo.elf.dir/Drivers/STM32F1xx_HAL_Driver/Src/stm32f1xx_hal_rcc.c.obj
                                0x66d (size before relaxing)

.comment        0x00000000       0x49
 .comment       0x00000000       0x49 CMakeFiles/demo.elf.dir/Core/Src/can.c.obj
                                 0x4a (size before relaxing)
 .comment       0x00000049       0x4a CMakeFiles/demo.elf.dir/Core/Src/gpio.c.obj
 .comment       0x00000049       0x4a CMakeFiles/demo.elf.dir/Core/Src/main.c.obj
 .comment       0x00000049       0x4a CMakeFiles/demo.elf.dir/Core/Src/stm32f1xx_hal_msp.c.obj
 .comment       0x00000049       0x4a CMakeFiles/demo.elf.dir/Core/Src/stm32f1xx_it.c.obj
 .comment       0x00000049       0x4a CMakeFiles/demo.elf.dir/Core/Src/system_stm32f1xx.c.obj
 .comment       0x00000049       0x4a CMakeFiles/demo.elf.dir/Drivers/STM32F1xx_HAL_Driver/Src/stm32f1xx_hal.c.obj
 .comment       0x00000049       0x4a CMakeFiles/demo.elf.dir/Drivers/STM32F1xx_HAL_Driver/Src/stm32f1xx_hal_can.c.obj
 .comment       0x00000049       0x4a CMakeFiles/demo.elf.dir/Drivers/STM32F1xx_HAL_Driver/Src/stm32f1xx_hal_cortex.c.obj
 .comment       0x00000049       0x4a CMakeFiles/demo.elf.dir/Drivers/STM32F1xx_HAL_Driver/Src/stm32f1xx_hal_gpio.c.obj
 .comment       0x00000049       0x4a CMakeFiles/demo.elf.dir/Drivers/STM32F1xx_HAL_Driver/Src/stm32f1xx_hal_rcc.c.obj

.debug_frame    0x00000000      0xc1c
 .debug_frame   0x00000000       0x60 CMakeFiles/demo.elf.dir/Core/Src/can.c.obj
 .debug_frame   0x00000060       0x28 CMakeFiles/demo.elf.dir/Core/Src/gpio.c.obj
 .debug_frame   0x00000088       0x58 CMakeFiles/demo.elf.dir/Core/Src/main.c.obj
 .debug_frame   0x000000e0       0x28 CMakeFiles/demo.elf.dir/Core/Src/stm32f1xx_hal_msp.c.obj
 .debug_frame   0x00000108       0xd8 CMakeFiles/demo.elf.dir/Core/Src/stm32f1xx_it.c.obj
 .debug_frame   0x000001e0       0x30 CMakeFiles/demo.elf.dir/Core/Src/system_stm32f1xx.c.obj
 .debug_frame   0x00000210      0x1cc CMakeFiles/demo.elf.dir/Drivers/STM32F1xx_HAL_Driver/Src/stm32f1xx_hal.c.obj
 .debug_frame   0x000003dc      0x2d4 CMakeFiles/demo.elf.dir/Drivers/STM32F1xx_HAL_Driver/Src/stm32f1xx_hal_can.c.obj
 .debug_frame   0x000006b0      0x118 CMakeFiles/demo.elf.dir/Drivers/STM32F1xx_HAL_Driver/Src/stm32f1xx_hal_cortex.c.obj
 .debug_frame   0x000007c8       0xe4 CMakeFiles/demo.elf.dir/Drivers/STM32F1xx_HAL_Driver/Src/stm32f1xx_hal_gpio.c.obj
 .debug_frame   0x000008ac      0x184 CMakeFiles/demo.elf.dir/Drivers/STM32F1xx_HAL_Driver/Src/stm32f1xx_hal_rcc.c.obj
 .debug_frame   0x00000a30       0x2c d:/arm-none-eabi/bin/../lib/gcc/arm-none-eabi/10.3.1/../../../../arm-none-eabi/lib/thumb/v7-m/nofp\libg.a(lib_a-init.o)
 .debug_frame   0x00000a5c       0x2c d:/arm-none-eabi/bin/../lib/gcc/arm-none-eabi/10.3.1/../../../../arm-none-eabi/lib/thumb/v7-m/nofp\libg.a(lib_a-memset.o)
 .debug_frame   0x00000a88       0x5c d:/arm-none-eabi/bin/../lib/gcc/arm-none-eabi/10.3.1/../../../../arm-none-eabi/lib/thumb/v7-m/nofp\libg.a(lib_a-__call_atexit.o)
 .debug_frame   0x00000ae4       0x20 d:/arm-none-eabi/bin/../lib/gcc/arm-none-eabi/10.3.1/../../../../arm-none-eabi/lib/thumb/v7-m/nofp\libg.a(lib_a-atexit.o)
 .debug_frame   0x00000b04       0x34 d:/arm-none-eabi/bin/../lib/gcc/arm-none-eabi/10.3.1/../../../../arm-none-eabi/lib/thumb/v7-m/nofp\libg.a(lib_a-fini.o)
 .debug_frame   0x00000b38       0xb0 d:/arm-none-eabi/bin/../lib/gcc/arm-none-eabi/10.3.1/../../../../arm-none-eabi/lib/thumb/v7-m/nofp\libg.a(lib_a-lock.o)
 .debug_frame   0x00000be8       0x34 d:/arm-none-eabi/bin/../lib/gcc/arm-none-eabi/10.3.1/../../../../arm-none-eabi/lib/thumb/v7-m/nofp\libg.a(lib_a-__atexit.o)
